Archive member included to satisfy reference by file (symbol)

build/lib/modules/freertos.a(event_groups.o)
                              build/obj/src/main.o (xEventGroupCreate)
build/lib/modules/freertos.a(list.o)
                              build/lib/modules/freertos.a(event_groups.o) (vListInitialise)
build/lib/modules/freertos.a(tasks.o)
                              build/obj/src/main.o (xTaskCreate)
build/lib/modules/freertos.a(timers.o)
                              build/lib/modules/freertos.a(tasks.o) (xTimerCreateTimerTask)
build/lib/modules/freertos.a(port.o)
                              build/lib/modules/freertos.a(tasks.o) (pxPortInitialiseStack)
build/lib/modules/freertos.a(heap_4.o)
                              build/lib/modules/freertos.a(event_groups.o) (pvPortMalloc)
build/lib/modules/freertos.a(queue.o)
                              build/lib/modules/freertos.a(timers.o) (xQueueGenericCreate)
build/lib/boards/edu-ciaa-nxp.a(board.o)
                              build/lib/modules/freertos.a(heap_4.o) (ucHeap)
build/lib/boards/edu-ciaa-nxp.a(armv7m_startup.o)
                              (Reset_Handler)
build/lib/boards/edu-ciaa-nxp.a(chip_18xx_43xx.o)
                              build/obj/src/bsp.o (SystemCoreClock)
build/lib/boards/edu-ciaa-nxp.a(clock_18xx_43xx.o)
                              build/lib/boards/edu-ciaa-nxp.a(chip_18xx_43xx.o) (Chip_Clock_GetClockInputHz)
build/lib/boards/edu-ciaa-nxp.a(sysinit.o)
                              build/lib/boards/edu-ciaa-nxp.a(armv7m_startup.o) (SystemInit)
build/lib/boards/edu-ciaa-nxp.a(board_lpcopen.o)
                              build/lib/boards/edu-ciaa-nxp.a(clock_18xx_43xx.o) (ExtRateIn)
build/lib/boards/edu-ciaa-nxp.a(board_sysinit.o)
                              build/lib/boards/edu-ciaa-nxp.a(sysinit.o) (Board_SystemInit)
build/lib/boards/edu-ciaa-nxp.a(adc_18xx_43xx.o)
                              build/lib/boards/edu-ciaa-nxp.a(board_lpcopen.o) (Chip_ADC_Init)
build/lib/boards/edu-ciaa-nxp.a(gpio_18xx_43xx.o)
                              build/lib/boards/edu-ciaa-nxp.a(board_lpcopen.o) (Chip_GPIO_Init)
build/lib/boards/edu-ciaa-nxp.a(i2c_18xx_43xx.o)
                              build/lib/boards/edu-ciaa-nxp.a(board_lpcopen.o) (Chip_I2C_Init)
build/lib/boards/edu-ciaa-nxp.a(ssp_18xx_43xx.o)
                              build/lib/boards/edu-ciaa-nxp.a(board_lpcopen.o) (Chip_SSP_SetBitRate)
build/lib/boards/edu-ciaa-nxp.a(sysinit_18xx_43xx.o)
                              build/lib/boards/edu-ciaa-nxp.a(board_sysinit.o) (Chip_SetupCoreClock)
build/lib/boards/edu-ciaa-nxp.a(uart_18xx_43xx.o)
                              build/lib/boards/edu-ciaa-nxp.a(board_lpcopen.o) (Chip_UART_Init)
build/lib/boards/edu-ciaa-nxp.a(ring_buffer.o)
                              build/lib/boards/edu-ciaa-nxp.a(uart_18xx_43xx.o) (RingBuffer_Insert)
/home/pablo/eiti/2022/embebidos/gcc/gcc-arm/bin/../lib/gcc/arm-none-eabi/10.3.1/thumb/v7e-m+fp/softfp/libgcc.a(_aeabi_uldivmod.o)
                              build/lib/boards/edu-ciaa-nxp.a(uart_18xx_43xx.o) (__aeabi_uldivmod)
/home/pablo/eiti/2022/embebidos/gcc/gcc-arm/bin/../lib/gcc/arm-none-eabi/10.3.1/thumb/v7e-m+fp/softfp/libgcc.a(_udivmoddi4.o)
                              /home/pablo/eiti/2022/embebidos/gcc/gcc-arm/bin/../lib/gcc/arm-none-eabi/10.3.1/thumb/v7e-m+fp/softfp/libgcc.a(_aeabi_uldivmod.o) (__udivmoddi4)
/home/pablo/eiti/2022/embebidos/gcc/gcc-arm/bin/../lib/gcc/arm-none-eabi/10.3.1/thumb/v7e-m+fp/softfp/libgcc.a(_dvmd_tls.o)
                              /home/pablo/eiti/2022/embebidos/gcc/gcc-arm/bin/../lib/gcc/arm-none-eabi/10.3.1/thumb/v7e-m+fp/softfp/libgcc.a(_aeabi_uldivmod.o) (__aeabi_ldiv0)
/home/pablo/eiti/2022/embebidos/gcc/gcc-arm/bin/../lib/gcc/arm-none-eabi/10.3.1/../../../../arm-none-eabi/lib/thumb/v7e-m+fp/softfp/libc_nano.a(lib_a-init.o)
                              build/lib/boards/edu-ciaa-nxp.a(armv7m_startup.o) (__libc_init_array)
/home/pablo/eiti/2022/embebidos/gcc/gcc-arm/bin/../lib/gcc/arm-none-eabi/10.3.1/../../../../arm-none-eabi/lib/thumb/v7e-m+fp/softfp/libc_nano.a(lib_a-memcpy-stub.o)
                              build/lib/modules/freertos.a(queue.o) (memcpy)
/home/pablo/eiti/2022/embebidos/gcc/gcc-arm/bin/../lib/gcc/arm-none-eabi/10.3.1/../../../../arm-none-eabi/lib/thumb/v7e-m+fp/softfp/libc_nano.a(lib_a-memset.o)
                              build/lib/modules/freertos.a(tasks.o) (memset)
/home/pablo/eiti/2022/embebidos/gcc/gcc-arm/bin/../lib/gcc/arm-none-eabi/10.3.1/../../../../arm-none-eabi/lib/thumb/v7e-m+fp/softfp/libc_nano.a(lib_a-strlen.o)
                              build/lib/modules/freertos.a(tasks.o) (strlen)

Discarded input sections

 .group         0x0000000000000000        0xc build/obj/src/bsp.o
 .group         0x0000000000000000        0xc build/obj/src/bsp.o
 .group         0x0000000000000000        0xc build/obj/src/bsp.o
 .group         0x0000000000000000        0xc build/obj/src/bsp.o
[...]
Memory Configuration

Name             Origin             Length             Attributes
MFlashA512       0x000000001a000000 0x0000000000080000 xr
MFlashB512       0x000000001b000000 0x0000000000080000 xr
RamLoc32         0x0000000010000000 0x0000000000008000 xrw
RamLoc40         0x0000000010080000 0x000000000000a000 xrw
RamAHB32         0x0000000020000000 0x0000000000008000 xrw
RamAHB16         0x0000000020008000 0x0000000000004000 xrw
RamAHB_ETB16     0x000000002000c000 0x0000000000004000 xrw
*default*        0x0000000000000000 0xffffffffffffffff

Linker script and memory map

LOAD build/obj/src/bsp.o
LOAD build/obj/src/digital.o
LOAD build/obj/src/main.o
LOAD build/lib/modules/freertos.a
LOAD build/lib/boards/edu-ciaa-nxp.a
START GROUP
LOAD /home/pablo/eiti/2022/embebidos/gcc/gcc-arm/bin/../lib/gcc/arm-none-eabi/10.3.1/thumb/v7e-m+fp/softfp/libgcc.a
LOAD /home/pablo/eiti/2022/embebidos/gcc/gcc-arm/bin/../lib/gcc/arm-none-eabi/10.3.1/../../../../arm-none-eabi/lib/thumb/v7e-m+fp/softfp/libc_nano.a
END GROUP
START GROUP
LOAD /home/pablo/eiti/2022/embebidos/gcc/gcc-arm/bin/../lib/gcc/arm-none-eabi/10.3.1/thumb/v7e-m+fp/softfp/libgcc.a
LOAD /home/pablo/eiti/2022/embebidos/gcc/gcc-arm/bin/../lib/gcc/arm-none-eabi/10.3.1/../../../../arm-none-eabi/lib/thumb/v7e-m+fp/softfp/libc_nano.a
LOAD /home/pablo/eiti/2022/embebidos/gcc/gcc-arm/bin/../lib/gcc/arm-none-eabi/10.3.1/../../../../arm-none-eabi/lib/thumb/v7e-m+fp/softfp/libnosys.a
END GROUP
START GROUP
LOAD /home/pablo/eiti/2022/embebidos/gcc/gcc-arm/bin/../lib/gcc/arm-none-eabi/10.3.1/thumb/v7e-m+fp/softfp/libgcc.a
LOAD /home/pablo/eiti/2022/embebidos/gcc/gcc-arm/bin/../lib/gcc/arm-none-eabi/10.3.1/../../../../arm-none-eabi/lib/thumb/v7e-m+fp/softfp/libc_nano.a
LOAD /home/pablo/eiti/2022/embebidos/gcc/gcc-arm/bin/../lib/gcc/arm-none-eabi/10.3.1/../../../../arm-none-eabi/lib/thumb/v7e-m+fp/softfp/libnosys.a
END GROUP
                0x000000001a080000                __top_MFlashA512 = 0x1a080000
                0x000000001b080000                __top_MFlashB512 = 0x1b080000
                0x0000000010008000                __top_RamLoc32 = 0x10008000
                0x000000001008a000                __top_RamLoc40 = 0x1008a000
                0x0000000020008000                __top_RamAHB32 = 0x20008000
                0x000000002000c000                __top_RamAHB16 = 0x2000c000
                0x0000000020010000                __top_RamAHB_ETB16 = 0x20010000
START GROUP
LOAD /home/pablo/eiti/2022/embebidos/gcc/gcc-arm/bin/../lib/gcc/arm-none-eabi/10.3.1/thumb/v7e-m+fp/softfp/libgcc.a
LOAD /home/pablo/eiti/2022/embebidos/gcc/gcc-arm/bin/../lib/gcc/arm-none-eabi/10.3.1/../../../../arm-none-eabi/lib/thumb/v7e-m+fp/softfp/libc.a
LOAD /home/pablo/eiti/2022/embebidos/gcc/gcc-arm/bin/../lib/gcc/arm-none-eabi/10.3.1/../../../../arm-none-eabi/lib/thumb/v7e-m+fp/softfp/libm.a
END GROUP

.text_Flash2    0x000000001b000000        0x0
 FILL mask 0xff
 *(.text_Flash2*)
 *(.text_MFlashB512*)
 *(.text.$Flash2*)
 *(.text.$MFlashB512*)
 *(.rodata.$Flash2*)
 *(.rodata.$MFlashB512*)

.text           0x000000001a000000      0x15a
 FILL mask 0xff
                0x000000001a000000                __vectors_start__ = ABSOLUTE (.)
 *(.isr_vector)
 .isr_vector    0x000000001a000000       0x40 build/lib/boards/edu-ciaa-nxp.a(armv7m_startup.o)
                0x000000001a000000                g_pfnVectors
 *(.isr_vendor_vector)
                0x000000001a000040                . = ALIGN (0x4)
                0x000000001a000040                __section_table_start = .
                0x000000001a000040                __data_section_table = .
                0x000000001a000040        0x4 LONG 0x1a00f560 LOADADDR (.data)
                0x000000001a000044        0x4 LONG 0x10000000 ADDR (.data)
                0x000000001a000048        0x4 LONG 0x40 SIZEOF (.data)
                0x000000001a00004c        0x4 LONG 0x1a005560 LOADADDR (.data_RAM2)
                0x000000001a000050        0x4 LONG 0x10080000 ADDR (.data_RAM2)
                0x000000001a000054        0x4 LONG 0xa000 SIZEOF (.data_RAM2)
                0x000000001a000058        0x4 LONG 0x1a00f560 LOADADDR (.data_RAM3)
                0x000000001a00005c        0x4 LONG 0x20000000 ADDR (.data_RAM3)
                0x000000001a000060        0x4 LONG 0x0 SIZEOF (.data_RAM3)
                0x000000001a000064        0x4 LONG 0x1a00f560 LOADADDR (.data_RAM4)
                0x000000001a000068        0x4 LONG 0x20008000 ADDR (.data_RAM4)
                0x000000001a00006c        0x4 LONG 0x0 SIZEOF (.data_RAM4)
                0x000000001a000070        0x4 LONG 0x1a00f560 LOADADDR (.data_RAM5)
                0x000000001a000074        0x4 LONG 0x2000c000 ADDR (.data_RAM5)
                0x000000001a000078        0x4 LONG 0x0 SIZEOF (.data_RAM5)
                0x000000001a00007c                __data_section_table_end = .
                0x000000001a00007c                __bss_section_table = .
                0x000000001a00007c        0x4 LONG 0x10000040 ADDR (.bss)
                0x000000001a000080        0x4 LONG 0x224 SIZEOF (.bss)
                0x000000001a000084        0x4 LONG 0x1008a000 ADDR (.bss_RAM2)
                0x000000001a000088        0x4 LONG 0x0 SIZEOF (.bss_RAM2)
                0x000000001a00008c        0x4 LONG 0x20000000 ADDR (.bss_RAM3)
                0x000000001a000090        0x4 LONG 0x0 SIZEOF (.bss_RAM3)
                0x000000001a000094        0x4 LONG 0x20008000 ADDR (.bss_RAM4)
                0x000000001a000098        0x4 LONG 0x0 SIZEOF (.bss_RAM4)
                0x000000001a00009c        0x4 LONG 0x2000c000 ADDR (.bss_RAM5)
                0x000000001a0000a0        0x4 LONG 0x0 SIZEOF (.bss_RAM5)
                0x000000001a0000a4                __bss_section_table_end = .
                0x000000001a0000a4                __section_table_end = .
 *(.after_vectors*)
 .after_vectors
                0x000000001a0000a4       0xb6 build/lib/boards/edu-ciaa-nxp.a(armv7m_startup.o)
                0x000000001a0000a4                data_init
                0x000000001a0000ea                bss_init
                0x000000001a000124                NMI_Handler
                0x000000001a00012a                HardFault_Handler
                0x000000001a000130                MemManage_Handler
                0x000000001a000136                BusFault_Handler
                0x000000001a00013c                UsageFault_Handler
                0x000000001a000148                DebugMon_Handler

.glue_7         0x000000001a00015c        0x0
 .glue_7        0x000000001a00015c        0x0 linker stubs

.glue_7t        0x000000001a00015c        0x0
 .glue_7t       0x000000001a00015c        0x0 linker stubs

.vfp11_veneer   0x000000001a00015c        0x0
 .vfp11_veneer  0x000000001a00015c        0x0 linker stubs

.v4_bx          0x000000001a00015c        0x0
 .v4_bx         0x000000001a00015c        0x0 linker stubs

.iplt           0x000000001a00015c        0x0
 .iplt          0x000000001a00015c        0x0 build/obj/src/bsp.o
                0x000000001a00015c                . = ALIGN (0x4)

.preinit_array  0x000000001a00015a        0x0
                0x000000001a00015a                PROVIDE (__preinit_array_start = .)
 *(.preinit_array*)
                0x000000001a00015a                PROVIDE (__preinit_array_end = .)

.init_array     0x000000001a00015a        0x0
                0x000000001a00015a                PROVIDE (__init_array_start = .)
 *(SORT_BY_NAME(.init_array.*))
 *(.init_array*)
                0x000000001a00015a                PROVIDE (__init_array_end = .)
                0x000000001a00015c                . = ALIGN (0x4)

.text           0x000000001a000160     0x53f8
 *(.text*)
 .text.Chip_SCU_PinMuxSet
                0x000000001a000160       0x34 build/obj/src/bsp.o
 .text.Chip_GPIO_SetPinState
                0x000000001a000194       0x38 build/obj/src/bsp.o
 .text.Chip_GPIO_SetPinDIROutput
                0x000000001a0001cc       0x3e build/obj/src/bsp.o
 .text.Chip_GPIO_SetPinDIRInput
                0x000000001a00020a       0x40 build/obj/src/bsp.o
 .text.Chip_GPIO_SetPinDIR
                0x000000001a00024a       0x42 build/obj/src/bsp.o
 .text.BoardCreate
                0x000000001a00028c      0x120 build/obj/src/bsp.o
                0x000000001a00028c                BoardCreate
 .text.Chip_GPIO_SetPinState
                0x000000001a0003ac       0x38 build/obj/src/digital.o
 .text.Chip_GPIO_ReadPortBit
                0x000000001a0003e4       0x34 build/obj/src/digital.o
 .text.Chip_GPIO_SetPinDIROutput
                0x000000001a000418       0x3e build/obj/src/digital.o
 .text.Chip_GPIO_SetPinDIRInput
                0x000000001a000456       0x40 build/obj/src/digital.o
 .text.Chip_GPIO_SetPinDIR
                0x000000001a000496       0x42 build/obj/src/digital.o
 .text.Chip_GPIO_SetPinToggle
                0x000000001a0004d8       0x32 build/obj/src/digital.o
 *fill*         0x000000001a00050a        0x2 
 .text.DigitalInputAllocate
                0x000000001a00050c       0x6c build/obj/src/digital.o
                0x000000001a00050c                DigitalInputAllocate
 .text.DigitalOutputAllocate
                0x000000001a000578       0x6c build/obj/src/digital.o
                0x000000001a000578                DigitalOutputAllocate
 .text.DigitalInputCreate
                0x000000001a0005e4       0x50 build/obj/src/digital.o
                0x000000001a0005e4                DigitalInputCreate
 .text.DigitalInputGetState
                0x000000001a000634       0x3c build/obj/src/digital.o
                0x000000001a000634                DigitalInputGetState
 .text.DigitalInputHasActivated
                0x000000001a000670       0x46 build/obj/src/digital.o
                0x000000001a000670                DigitalInputHasActivated
 .text.DigitalInputHasDeactivated
                0x000000001a0006b6       0x4c build/obj/src/digital.o
                0x000000001a0006b6                DigitalInputHasDeactivated
 *fill*         0x000000001a000702        0x2 
 .text.DigitalOutputCreate
                0x000000001a000704       0x58 build/obj/src/digital.o
                0x000000001a000704                DigitalOutputCreate
 .text.DigitalOutputActivate
                0x000000001a00075c       0x24 build/obj/src/digital.o
                0x000000001a00075c                DigitalOutputActivate
 .text.DigitalOutputDeactivate
                0x000000001a000780       0x24 build/obj/src/digital.o
                0x000000001a000780                DigitalOutputDeactivate
 .text.DigitalOutputToggle
                0x000000001a0007a4       0x24 build/obj/src/digital.o
                0x000000001a0007a4                DigitalOutputToggle
 .text.Azul     0x000000001a0007c8       0x54 build/obj/src/main.o
                0x000000001a0007c8                Azul
 .text.Amarilla
                0x000000001a00081c       0x38 build/obj/src/main.o
                0x000000001a00081c                Amarilla
 .text.Roja     0x000000001a000854       0x5c build/obj/src/main.o
                0x000000001a000854                Roja
 .text.Verde    0x000000001a0008b0       0x20 build/obj/src/main.o
                0x000000001a0008b0                Verde
 .text.Teclado  0x000000001a0008d0      0x100 build/obj/src/main.o
                0x000000001a0008d0                Teclado
 .text.main     0x000000001a0009d0       0xc0 build/obj/src/main.o
                0x000000001a0009d0                main
 .text.xEventGroupCreate
                0x000000001a000a90       0x2e build/lib/modules/freertos.a(event_groups.o)
                0x000000001a000a90                xEventGroupCreate
 *fill*         0x000000001a000abe        0x2 
 .text.xEventGroupWaitBits
                0x000000001a000ac0      0x19c build/lib/modules/freertos.a(event_groups.o)
                0x000000001a000ac0                xEventGroupWaitBits
 .text.xEventGroupSetBits
                0x000000001a000c5c      0x116 build/lib/modules/freertos.a(event_groups.o)
                0x000000001a000c5c                xEventGroupSetBits
 .text.prvTestWaitCondition
                0x000000001a000d72       0x44 build/lib/modules/freertos.a(event_groups.o)
 .text.vListInitialise
                0x000000001a000db6       0x40 build/lib/modules/freertos.a(list.o)
                0x000000001a000db6                vListInitialise
 .text.vListInitialiseItem
                0x000000001a000df6       0x1a build/lib/modules/freertos.a(list.o)
                0x000000001a000df6                vListInitialiseItem
 .text.vListInsertEnd
                0x000000001a000e10       0x48 build/lib/modules/freertos.a(list.o)
                0x000000001a000e10                vListInsertEnd
 .text.vListInsert
                0x000000001a000e58       0x72 build/lib/modules/freertos.a(list.o)
                0x000000001a000e58                vListInsert
 .text.uxListRemove
                0x000000001a000eca       0x54 build/lib/modules/freertos.a(list.o)
                0x000000001a000eca                uxListRemove
 .text.xTaskCreate
                0x000000001a000f1e       0x82 build/lib/modules/freertos.a(tasks.o)
                0x000000001a000f1e                xTaskCreate
 .text.prvInitialiseNewTask
                0x000000001a000fa0      0x12c build/lib/modules/freertos.a(tasks.o)
 .text.prvAddNewTaskToReadyList
                0x000000001a0010cc       0xdc build/lib/modules/freertos.a(tasks.o)
 .text.vTaskDelay
                0x000000001a0011a8       0x68 build/lib/modules/freertos.a(tasks.o)
                0x000000001a0011a8                vTaskDelay
 .text.vTaskStartScheduler
                0x000000001a001210       0xa4 build/lib/modules/freertos.a(tasks.o)
                0x000000001a001210                vTaskStartScheduler
 .text.vTaskSuspendAll
                0x000000001a0012b4       0x1c build/lib/modules/freertos.a(tasks.o)
                0x000000001a0012b4                vTaskSuspendAll
 .text.xTaskResumeAll
                0x000000001a0012d0      0x138 build/lib/modules/freertos.a(tasks.o)
                0x000000001a0012d0                xTaskResumeAll
 .text.xTaskGetTickCount
                0x000000001a001408       0x20 build/lib/modules/freertos.a(tasks.o)
                0x000000001a001408                xTaskGetTickCount
 .text.xTaskIncrementTick
                0x000000001a001428      0x170 build/lib/modules/freertos.a(tasks.o)
                0x000000001a001428                xTaskIncrementTick
 .text.vTaskSwitchContext
                0x000000001a001598       0xb8 build/lib/modules/freertos.a(tasks.o)
                0x000000001a001598                vTaskSwitchContext
 .text.vTaskPlaceOnEventList
                0x000000001a001650       0x48 build/lib/modules/freertos.a(tasks.o)
                0x000000001a001650                vTaskPlaceOnEventList
 .text.vTaskPlaceOnUnorderedEventList
                0x000000001a001698       0x78 build/lib/modules/freertos.a(tasks.o)
                0x000000001a001698                vTaskPlaceOnUnorderedEventList
 .text.vTaskPlaceOnEventListRestricted
                0x000000001a001710       0x58 build/lib/modules/freertos.a(tasks.o)
                0x000000001a001710                vTaskPlaceOnEventListRestricted
 .text.xTaskRemoveFromEventList
                0x000000001a001768       0xc4 build/lib/modules/freertos.a(tasks.o)
                0x000000001a001768                xTaskRemoveFromEventList
 .text.vTaskRemoveFromUnorderedEventList
                0x000000001a00182c       0xc4 build/lib/modules/freertos.a(tasks.o)
                0x000000001a00182c                vTaskRemoveFromUnorderedEventList
 .text.vTaskInternalSetTimeOutState
                0x000000001a0018f0       0x2c build/lib/modules/freertos.a(tasks.o)
                0x000000001a0018f0                vTaskInternalSetTimeOutState
 .text.xTaskCheckForTimeOut
                0x000000001a00191c       0xcc build/lib/modules/freertos.a(tasks.o)
                0x000000001a00191c                xTaskCheckForTimeOut
 .text.vTaskMissedYield
                0x000000001a0019e8       0x18 build/lib/modules/freertos.a(tasks.o)
                0x000000001a0019e8                vTaskMissedYield
 .text.prvIdleTask
                0x000000001a001a00       0x30 build/lib/modules/freertos.a(tasks.o)
 .text.prvInitialiseTaskLists
                0x000000001a001a30       0x80 build/lib/modules/freertos.a(tasks.o)
 .text.prvCheckTasksWaitingTermination
                0x000000001a001ab0       0x5c build/lib/modules/freertos.a(tasks.o)
 .text.prvDeleteTCB
                0x000000001a001b0c       0x20 build/lib/modules/freertos.a(tasks.o)
 .text.prvResetNextTaskUnblockTime
                0x000000001a001b2c       0x38 build/lib/modules/freertos.a(tasks.o)
 .text.xTaskGetSchedulerState
                0x000000001a001b64       0x3c build/lib/modules/freertos.a(tasks.o)
                0x000000001a001b64                xTaskGetSchedulerState
 .text.xTaskPriorityDisinherit
                0x000000001a001ba0       0xf4 build/lib/modules/freertos.a(tasks.o)
                0x000000001a001ba0                xTaskPriorityDisinherit
 .text.uxTaskResetEventItemValue
                0x000000001a001c94       0x30 build/lib/modules/freertos.a(tasks.o)
                0x000000001a001c94                uxTaskResetEventItemValue
 .text.prvAddCurrentTaskToDelayedList
                0x000000001a001cc4       0xcc build/lib/modules/freertos.a(tasks.o)
 .text.xTimerCreateTimerTask
                0x000000001a001d90       0x64 build/lib/modules/freertos.a(timers.o)
                0x000000001a001d90                xTimerCreateTimerTask
 .text.xTimerGenericCommand
                0x000000001a001df4       0x9c build/lib/modules/freertos.a(timers.o)
                0x000000001a001df4                xTimerGenericCommand
 .text.prvProcessExpiredTimer
                0x000000001a001e90       0x98 build/lib/modules/freertos.a(timers.o)
 .text.prvTimerTask
                0x000000001a001f28       0x24 build/lib/modules/freertos.a(timers.o)
 .text.prvProcessTimerOrBlockTask
                0x000000001a001f4c       0x9c build/lib/modules/freertos.a(timers.o)
 .text.prvGetNextExpireTime
                0x000000001a001fe8       0x48 build/lib/modules/freertos.a(timers.o)
 .text.prvSampleTimeNow
                0x000000001a002030       0x40 build/lib/modules/freertos.a(timers.o)
 .text.prvInsertTimerInActiveList
                0x000000001a002070       0x84 build/lib/modules/freertos.a(timers.o)
 .text.prvProcessReceivedCommands
                0x000000001a0020f4      0x1c4 build/lib/modules/freertos.a(timers.o)
 .text.prvSwitchTimerLists
                0x000000001a0022b8       0xc8 build/lib/modules/freertos.a(timers.o)
 .text.prvCheckForValidListAndQueue
                0x000000001a002380       0x6c build/lib/modules/freertos.a(timers.o)
 .text.pxPortInitialiseStack
                0x000000001a0023ec       0x68 build/lib/modules/freertos.a(port.o)
                0x000000001a0023ec                pxPortInitialiseStack
 .text.prvTaskExitError
                0x000000001a002454       0x58 build/lib/modules/freertos.a(port.o)
 *fill*         0x000000001a0024ac        0x4 
 .text.SVC_Handler
                0x000000001a0024b0       0x28 build/lib/modules/freertos.a(port.o)
                0x000000001a0024b0                SVC_Handler
 .text.prvPortStartFirstTask
                0x000000001a0024d8       0x2c build/lib/modules/freertos.a(port.o)
 .text.xPortStartScheduler
                0x000000001a002504      0x164 build/lib/modules/freertos.a(port.o)
                0x000000001a002504                xPortStartScheduler
 .text.vPortEnterCritical
                0x000000001a002668       0x60 build/lib/modules/freertos.a(port.o)
                0x000000001a002668                vPortEnterCritical
 .text.vPortExitCritical
                0x000000001a0026c8       0x54 build/lib/modules/freertos.a(port.o)
                0x000000001a0026c8                vPortExitCritical
 *fill*         0x000000001a00271c        0x4 
 .text.PendSV_Handler
                0x000000001a002720       0x68 build/lib/modules/freertos.a(port.o)
                0x000000001a002720                PendSV_Handler
 .text.SysTick_Handler
                0x000000001a002788       0x44 build/lib/modules/freertos.a(port.o)
                0x000000001a002788                SysTick_Handler
 .text.vPortSetupTimerInterrupt
                0x000000001a0027cc       0x48 build/lib/modules/freertos.a(port.o)
                0x000000001a0027cc                vPortSetupTimerInterrupt
 .text.vPortEnableVFP
                0x000000001a002814       0x18 build/lib/modules/freertos.a(port.o)
 .text.vPortValidateInterruptPriority
                0x000000001a00282c       0x80 build/lib/modules/freertos.a(port.o)
                0x000000001a00282c                vPortValidateInterruptPriority
 .text.pvPortMalloc
                0x000000001a0028ac      0x1c0 build/lib/modules/freertos.a(heap_4.o)
                0x000000001a0028ac                pvPortMalloc
 .text.vPortFree
                0x000000001a002a6c       0xc4 build/lib/modules/freertos.a(heap_4.o)
                0x000000001a002a6c                vPortFree
 .text.prvHeapInit
                0x000000001a002b30       0xc4 build/lib/modules/freertos.a(heap_4.o)
 .text.prvInsertBlockIntoFreeList
                0x000000001a002bf4       0xb4 build/lib/modules/freertos.a(heap_4.o)
 .text.xQueueGenericReset
                0x000000001a002ca8       0xd0 build/lib/modules/freertos.a(queue.o)
                0x000000001a002ca8                xQueueGenericReset
 .text.xQueueGenericCreate
                0x000000001a002d78       0xbe build/lib/modules/freertos.a(queue.o)
                0x000000001a002d78                xQueueGenericCreate
 .text.prvInitialiseNewQueue
                0x000000001a002e36       0x46 build/lib/modules/freertos.a(queue.o)
 .text.xQueueGenericSend
                0x000000001a002e7c      0x1fc build/lib/modules/freertos.a(queue.o)
                0x000000001a002e7c                xQueueGenericSend
 .text.xQueueGenericSendFromISR
                0x000000001a003078      0x154 build/lib/modules/freertos.a(queue.o)
                0x000000001a003078                xQueueGenericSendFromISR
 .text.xQueueReceive
                0x000000001a0031cc      0x1c0 build/lib/modules/freertos.a(queue.o)
                0x000000001a0031cc                xQueueReceive
 .text.prvCopyDataToQueue
                0x000000001a00338c       0xd4 build/lib/modules/freertos.a(queue.o)
 .text.prvCopyDataFromQueue
                0x000000001a003460       0x4c build/lib/modules/freertos.a(queue.o)
 .text.prvUnlockQueue
                0x000000001a0034ac       0xa4 build/lib/modules/freertos.a(queue.o)
 .text.prvIsQueueEmpty
                0x000000001a003550       0x2c build/lib/modules/freertos.a(queue.o)
 .text.prvIsQueueFull
                0x000000001a00357c       0x30 build/lib/modules/freertos.a(queue.o)
 .text.vQueueAddToRegistry
                0x000000001a0035ac       0x54 build/lib/modules/freertos.a(queue.o)
                0x000000001a0035ac                vQueueAddToRegistry
 .text.vQueueWaitForMessageRestricted
                0x000000001a003600       0x68 build/lib/modules/freertos.a(queue.o)
                0x000000001a003600                vQueueWaitForMessageRestricted
 .text.initialise_monitor_handles
                0x000000001a003668        0xe build/lib/boards/edu-ciaa-nxp.a(armv7m_startup.o)
                0x000000001a003668                initialise_monitor_handles
 .text._fini    0x000000001a003676        0xe build/lib/boards/edu-ciaa-nxp.a(armv7m_startup.o)
                0x000000001a003676                _fini
 .text._init    0x000000001a003684        0xe build/lib/boards/edu-ciaa-nxp.a(armv7m_startup.o)
                0x000000001a003684                _init
 *fill*         0x000000001a003692        0x2 
 .text.Reset_Handler
                0x000000001a003694       0xcc build/lib/boards/edu-ciaa-nxp.a(armv7m_startup.o)
                0x000000001a003694                Reset_Handler
 .text.SystemCoreClockUpdate
                0x000000001a003760       0x18 build/lib/boards/edu-ciaa-nxp.a(chip_18xx_43xx.o)
                0x000000001a003760                SystemCoreClockUpdate
 .text.ABS      0x000000001a003778       0x22 build/lib/boards/edu-ciaa-nxp.a(clock_18xx_43xx.o)
 *fill*         0x000000001a00379a        0x2 
 .text.pll_calc_divs
                0x000000001a00379c      0x124 build/lib/boards/edu-ciaa-nxp.a(clock_18xx_43xx.o)
 .text.pll_get_frac
                0x000000001a0038c0      0x180 build/lib/boards/edu-ciaa-nxp.a(clock_18xx_43xx.o)
 .text.Chip_Clock_GetDivRate
                0x000000001a003a40       0x40 build/lib/boards/edu-ciaa-nxp.a(clock_18xx_43xx.o)
 .text.Chip_Clock_FindBaseClock
                0x000000001a003a80       0x90 build/lib/boards/edu-ciaa-nxp.a(clock_18xx_43xx.o)
 .text.Chip_Clock_EnableCrystal
                0x000000001a003b10       0x70 build/lib/boards/edu-ciaa-nxp.a(clock_18xx_43xx.o)
                0x000000001a003b10                Chip_Clock_EnableCrystal
 .text.Chip_Clock_CalcMainPLLValue
                0x000000001a003b80       0xd8 build/lib/boards/edu-ciaa-nxp.a(clock_18xx_43xx.o)
                0x000000001a003b80                Chip_Clock_CalcMainPLLValue
 .text.Chip_Clock_GetMainPLLHz
                0x000000001a003c58       0xbc build/lib/boards/edu-ciaa-nxp.a(clock_18xx_43xx.o)
                0x000000001a003c58                Chip_Clock_GetMainPLLHz
 .text.Chip_Clock_GetDividerSource
                0x000000001a003d14       0x40 build/lib/boards/edu-ciaa-nxp.a(clock_18xx_43xx.o)
                0x000000001a003d14                Chip_Clock_GetDividerSource
 .text.Chip_Clock_GetDividerDivisor
                0x000000001a003d54       0x38 build/lib/boards/edu-ciaa-nxp.a(clock_18xx_43xx.o)
                0x000000001a003d54                Chip_Clock_GetDividerDivisor
 .text.Chip_Clock_GetClockInputHz
                0x000000001a003d8c      0x140 build/lib/boards/edu-ciaa-nxp.a(clock_18xx_43xx.o)
                0x000000001a003d8c                Chip_Clock_GetClockInputHz
 .text.Chip_Clock_GetBaseClocktHz
                0x000000001a003ecc       0x24 build/lib/boards/edu-ciaa-nxp.a(clock_18xx_43xx.o)
                0x000000001a003ecc                Chip_Clock_GetBaseClocktHz
 .text.Chip_Clock_SetBaseClock
                0x000000001a003ef0       0x9c build/lib/boards/edu-ciaa-nxp.a(clock_18xx_43xx.o)
                0x000000001a003ef0                Chip_Clock_SetBaseClock
 .text.Chip_Clock_GetBaseClock
                0x000000001a003f8c       0x4c build/lib/boards/edu-ciaa-nxp.a(clock_18xx_43xx.o)
                0x000000001a003f8c                Chip_Clock_GetBaseClock
 .text.Chip_Clock_EnableOpts
                0x000000001a003fd8       0x7c build/lib/boards/edu-ciaa-nxp.a(clock_18xx_43xx.o)
                0x000000001a003fd8                Chip_Clock_EnableOpts
 .text.Chip_Clock_Enable
                0x000000001a004054       0x60 build/lib/boards/edu-ciaa-nxp.a(clock_18xx_43xx.o)
                0x000000001a004054                Chip_Clock_Enable
 .text.Chip_Clock_GetRate
                0x000000001a0040b4       0x88 build/lib/boards/edu-ciaa-nxp.a(clock_18xx_43xx.o)
                0x000000001a0040b4                Chip_Clock_GetRate
 .text.SCB_GetFPUType
                0x000000001a00413c       0x2c build/lib/boards/edu-ciaa-nxp.a(sysinit.o)
 .text.SystemInit
                0x000000001a004168       0x38 build/lib/boards/edu-ciaa-nxp.a(sysinit.o)
                0x000000001a004168                SystemInit
 .text.Chip_SCU_I2C0PinConfig
                0x000000001a0041a0       0x20 build/lib/boards/edu-ciaa-nxp.a(board_lpcopen.o)
 .text.Chip_GPIO_SetPinState
                0x000000001a0041c0       0x38 build/lib/boards/edu-ciaa-nxp.a(board_lpcopen.o)
 .text.Chip_GPIO_SetPinDIROutput
                0x000000001a0041f8       0x3e build/lib/boards/edu-ciaa-nxp.a(board_lpcopen.o)
 .text.Chip_GPIO_SetPinDIRInput
                0x000000001a004236       0x40 build/lib/boards/edu-ciaa-nxp.a(board_lpcopen.o)
 .text.Chip_SSP_Enable
                0x000000001a004276       0x20 build/lib/boards/edu-ciaa-nxp.a(board_lpcopen.o)
 .text.Chip_SSP_SetFormat
                0x000000001a004296       0x32 build/lib/boards/edu-ciaa-nxp.a(board_lpcopen.o)
 .text.Chip_SSP_Set_Mode
                0x000000001a0042c8       0x26 build/lib/boards/edu-ciaa-nxp.a(board_lpcopen.o)
 .text.Chip_UART_TXEnable
                0x000000001a0042ee       0x1a build/lib/boards/edu-ciaa-nxp.a(board_lpcopen.o)
 .text.Chip_UART_ConfigData
                0x000000001a004308       0x1c build/lib/boards/edu-ciaa-nxp.a(board_lpcopen.o)
 .text.Board_LED_Init
                0x000000001a004324       0x54 build/lib/boards/edu-ciaa-nxp.a(board_lpcopen.o)
 .text.Board_TEC_Init
                0x000000001a004378       0x44 build/lib/boards/edu-ciaa-nxp.a(board_lpcopen.o)
 .text.Board_GPIO_Init
                0x000000001a0043bc       0x44 build/lib/boards/edu-ciaa-nxp.a(board_lpcopen.o)
 .text.Board_I2C_Init
                0x000000001a004400       0x24 build/lib/boards/edu-ciaa-nxp.a(board_lpcopen.o)
 .text.Board_SPI_Init
                0x000000001a004424       0x38 build/lib/boards/edu-ciaa-nxp.a(board_lpcopen.o)
 .text.Board_ADC_Init
                0x000000001a00445c       0x38 build/lib/boards/edu-ciaa-nxp.a(board_lpcopen.o)
 .text.Board_Debug_Init
                0x000000001a004494       0x2c build/lib/boards/edu-ciaa-nxp.a(board_lpcopen.o)
                0x000000001a004494                Board_Debug_Init
 .text.Board_Init
                0x000000001a0044c0       0x30 build/lib/boards/edu-ciaa-nxp.a(board_lpcopen.o)
                0x000000001a0044c0                Board_Init
 .text.Chip_SCU_PinMuxSet
                0x000000001a0044f0       0x34 build/lib/boards/edu-ciaa-nxp.a(board_sysinit.o)
 .text.Chip_SCU_SetPinMuxing
                0x000000001a004524       0x4c build/lib/boards/edu-ciaa-nxp.a(board_sysinit.o)
 .text.Chip_CREG_SetFlashAcceleration
                0x000000001a004570       0x54 build/lib/boards/edu-ciaa-nxp.a(board_sysinit.o)
 .text.Board_SetupMuxing
                0x000000001a0045c4       0x14 build/lib/boards/edu-ciaa-nxp.a(board_sysinit.o)
                0x000000001a0045c4                Board_SetupMuxing
 .text.Board_SetupClocking
                0x000000001a0045d8       0x74 build/lib/boards/edu-ciaa-nxp.a(board_sysinit.o)
                0x000000001a0045d8                Board_SetupClocking
 .text.Board_SystemInit
                0x000000001a00464c       0x14 build/lib/boards/edu-ciaa-nxp.a(board_sysinit.o)
                0x000000001a00464c                Board_SystemInit
 .text.getFullConvClk
                0x000000001a004660       0x10 build/lib/boards/edu-ciaa-nxp.a(adc_18xx_43xx.o)
 .text.Chip_ADC_GetClockIndex
                0x000000001a004670       0x2c build/lib/boards/edu-ciaa-nxp.a(adc_18xx_43xx.o)
 .text.getClkDiv
                0x000000001a00469c       0x66 build/lib/boards/edu-ciaa-nxp.a(adc_18xx_43xx.o)
 *fill*         0x000000001a004702        0x2 
 .text.Chip_ADC_Init
                0x000000001a004704       0x88 build/lib/boards/edu-ciaa-nxp.a(adc_18xx_43xx.o)
                0x000000001a004704                Chip_ADC_Init
 .text.Chip_ADC_SetSampleRate
                0x000000001a00478c       0x64 build/lib/boards/edu-ciaa-nxp.a(adc_18xx_43xx.o)
                0x000000001a00478c                Chip_ADC_SetSampleRate
 .text.Chip_ADC_SetResolution
                0x000000001a0047f0       0x2a build/lib/boards/edu-ciaa-nxp.a(adc_18xx_43xx.o)
                0x000000001a0047f0                Chip_ADC_SetResolution
 .text.Chip_GPIO_Init
                0x000000001a00481a       0x14 build/lib/boards/edu-ciaa-nxp.a(gpio_18xx_43xx.o)
                0x000000001a00481a                Chip_GPIO_Init
 *fill*         0x000000001a00482e        0x2 
 .text.enableClk
                0x000000001a004830       0x30 build/lib/boards/edu-ciaa-nxp.a(i2c_18xx_43xx.o)
 .text.getClkRate
                0x000000001a004860       0x30 build/lib/boards/edu-ciaa-nxp.a(i2c_18xx_43xx.o)
 .text.Chip_I2C_EventHandler
                0x000000001a004890       0x4c build/lib/boards/edu-ciaa-nxp.a(i2c_18xx_43xx.o)
                0x000000001a004890                Chip_I2C_EventHandler
 .text.Chip_I2C_Init
                0x000000001a0048dc       0x34 build/lib/boards/edu-ciaa-nxp.a(i2c_18xx_43xx.o)
                0x000000001a0048dc                Chip_I2C_Init
 .text.Chip_I2C_SetClockRate
                0x000000001a004910       0x68 build/lib/boards/edu-ciaa-nxp.a(i2c_18xx_43xx.o)
                0x000000001a004910                Chip_I2C_SetClockRate
 .text.Chip_SSP_SetFormat
                0x000000001a004978       0x32 build/lib/boards/edu-ciaa-nxp.a(ssp_18xx_43xx.o)
 .text.Chip_SSP_Set_Mode
                0x000000001a0049aa       0x26 build/lib/boards/edu-ciaa-nxp.a(ssp_18xx_43xx.o)
 .text.Chip_SSP_GetClockIndex
                0x000000001a0049d0       0x2c build/lib/boards/edu-ciaa-nxp.a(ssp_18xx_43xx.o)
 .text.Chip_SSP_GetPeriphClockIndex
                0x000000001a0049fc       0x30 build/lib/boards/edu-ciaa-nxp.a(ssp_18xx_43xx.o)
 .text.Chip_SSP_SetClockRate
                0x000000001a004a2c       0x36 build/lib/boards/edu-ciaa-nxp.a(ssp_18xx_43xx.o)
                0x000000001a004a2c                Chip_SSP_SetClockRate
 .text.Chip_SSP_SetBitRate
                0x000000001a004a62       0x74 build/lib/boards/edu-ciaa-nxp.a(ssp_18xx_43xx.o)
                0x000000001a004a62                Chip_SSP_SetBitRate
 *fill*         0x000000001a004ad6        0x2 
 .text.Chip_SSP_Init
                0x000000001a004ad8       0x4c build/lib/boards/edu-ciaa-nxp.a(ssp_18xx_43xx.o)
                0x000000001a004ad8                Chip_SSP_Init
 .text.Chip_Clock_DisableMainPLL
                0x000000001a004b24       0x20 build/lib/boards/edu-ciaa-nxp.a(sysinit_18xx_43xx.o)
 .text.Chip_Clock_SetupMainPLL
                0x000000001a004b44       0x48 build/lib/boards/edu-ciaa-nxp.a(sysinit_18xx_43xx.o)
 .text.Chip_Clock_MainPLLLocked
                0x000000001a004b8c       0x24 build/lib/boards/edu-ciaa-nxp.a(sysinit_18xx_43xx.o)
 .text.Chip_SetupCoreClock
                0x000000001a004bb0      0x148 build/lib/boards/edu-ciaa-nxp.a(sysinit_18xx_43xx.o)
                0x000000001a004bb0                Chip_SetupCoreClock
 .text.Chip_UART_TXDisable
                0x000000001a004cf8       0x1a build/lib/boards/edu-ciaa-nxp.a(uart_18xx_43xx.o)
 .text.Chip_UART_SetupFIFOS
                0x000000001a004d12       0x1c build/lib/boards/edu-ciaa-nxp.a(uart_18xx_43xx.o)
 .text.Chip_UART_ConfigData
                0x000000001a004d2e       0x1c build/lib/boards/edu-ciaa-nxp.a(uart_18xx_43xx.o)
 .text.Chip_UART_EnableDivisorAccess
                0x000000001a004d4a       0x20 build/lib/boards/edu-ciaa-nxp.a(uart_18xx_43xx.o)
 .text.Chip_UART_DisableDivisorAccess
                0x000000001a004d6a       0x20 build/lib/boards/edu-ciaa-nxp.a(uart_18xx_43xx.o)
 .text.Chip_UART_SetDivisorLatches
                0x000000001a004d8a       0x28 build/lib/boards/edu-ciaa-nxp.a(uart_18xx_43xx.o)
 *fill*         0x000000001a004db2        0x2 
 .text.Chip_UART_GetIndex
                0x000000001a004db4       0x6c build/lib/boards/edu-ciaa-nxp.a(uart_18xx_43xx.o)
 .text.Chip_UART_Init
                0x000000001a004e20       0x88 build/lib/boards/edu-ciaa-nxp.a(uart_18xx_43xx.o)
                0x000000001a004e20                Chip_UART_Init
 .text.Chip_UART_SetBaudFDR
                0x000000001a004ea8      0x180 build/lib/boards/edu-ciaa-nxp.a(uart_18xx_43xx.o)
                0x000000001a004ea8                Chip_UART_SetBaudFDR
 .text          0x000000001a005028       0x30 /home/pablo/eiti/2022/embebidos/gcc/gcc-arm/bin/../lib/gcc/arm-none-eabi/10.3.1/thumb/v7e-m+fp/softfp/libgcc.a(_aeabi_uldivmod.o)
                0x000000001a005028                __aeabi_uldivmod
 .text          0x000000001a005058      0x2d0 /home/pablo/eiti/2022/embebidos/gcc/gcc-arm/bin/../lib/gcc/arm-none-eabi/10.3.1/thumb/v7e-m+fp/softfp/libgcc.a(_udivmoddi4.o)
                0x000000001a005058                __udivmoddi4
 .text          0x000000001a005328        0x4 /home/pablo/eiti/2022/embebidos/gcc/gcc-arm/bin/../lib/gcc/arm-none-eabi/10.3.1/thumb/v7e-m+fp/softfp/libgcc.a(_dvmd_tls.o)
                0x000000001a005328                __aeabi_ldiv0
                0x000000001a005328                __aeabi_idiv0
 .text.__libc_init_array
                0x000000001a00532c       0x48 /home/pablo/eiti/2022/embebidos/gcc/gcc-arm/bin/../lib/gcc/arm-none-eabi/10.3.1/../../../../arm-none-eabi/lib/thumb/v7e-m+fp/softfp/libc_nano.a(lib_a-init.o)
                0x000000001a00532c                __libc_init_array
 .text.memcpy   0x000000001a005374       0x1c /home/pablo/eiti/2022/embebidos/gcc/gcc-arm/bin/../lib/gcc/arm-none-eabi/10.3.1/../../../../arm-none-eabi/lib/thumb/v7e-m+fp/softfp/libc_nano.a(lib_a-memcpy-stub.o)
                0x000000001a005374                memcpy
 .text.memset   0x000000001a005390       0x10 /home/pablo/eiti/2022/embebidos/gcc/gcc-arm/bin/../lib/gcc/arm-none-eabi/10.3.1/../../../../arm-none-eabi/lib/thumb/v7e-m+fp/softfp/libc_nano.a(lib_a-memset.o)
                0x000000001a005390                memset
 *(.rodata .rodata.* .constdata .constdata.*)
 .rodata        0x000000001a0053a0       0x2a build/obj/src/main.o
 *fill*         0x000000001a0053ca        0x2 
 .rodata        0x000000001a0053cc        0x5 build/lib/modules/freertos.a(tasks.o)
 *fill*         0x000000001a0053d1        0x3 
 .rodata        0x000000001a0053d4        0xd build/lib/modules/freertos.a(timers.o)
 *fill*         0x000000001a0053e1        0x3 
 .rodata.periph_to_base
                0x000000001a0053e4       0x6c build/lib/boards/edu-ciaa-nxp.a(clock_18xx_43xx.o)
 .rodata        0x000000001a005450        0x6 build/lib/boards/edu-ciaa-nxp.a(clock_18xx_43xx.o)
 *fill*         0x000000001a005456        0x2 
 .rodata.ExtRateIn
                0x000000001a005458        0x4 build/lib/boards/edu-ciaa-nxp.a(board_lpcopen.o)
                0x000000001a005458                ExtRateIn
 .rodata.OscRateIn
                0x000000001a00545c        0x4 build/lib/boards/edu-ciaa-nxp.a(board_lpcopen.o)
                0x000000001a00545c                OscRateIn
 .rodata.GpioLeds
                0x000000001a005460        0xc build/lib/boards/edu-ciaa-nxp.a(board_lpcopen.o)
 .rodata.GpioButtons
                0x000000001a00546c        0x8 build/lib/boards/edu-ciaa-nxp.a(board_lpcopen.o)
 .rodata.GpioPorts
                0x000000001a005474       0x12 build/lib/boards/edu-ciaa-nxp.a(board_lpcopen.o)
 *fill*         0x000000001a005486        0x2 
 .rodata.InitClkStates
                0x000000001a005488        0x4 build/lib/boards/edu-ciaa-nxp.a(board_sysinit.o)
 .rodata.pinmuxing
                0x000000001a00548c       0x74 build/lib/boards/edu-ciaa-nxp.a(board_sysinit.o)
 .rodata.InitClkStates
                0x000000001a005500       0x48 build/lib/boards/edu-ciaa-nxp.a(sysinit_18xx_43xx.o)
 .rodata.UART_PClock
                0x000000001a005548        0x8 build/lib/boards/edu-ciaa-nxp.a(uart_18xx_43xx.o)
 .rodata.UART_BClock
                0x000000001a005550        0x8 build/lib/boards/edu-ciaa-nxp.a(uart_18xx_43xx.o)
                0x000000001a005558                . = ALIGN (0x4)

.ARM.extab
 *(.ARM.extab* .gnu.linkonce.armextab.*)
                0x000000001a005558                __exidx_start = .

.ARM.exidx      0x000000001a005558        0x8
 *(.ARM.exidx* .gnu.linkonce.armexidx.*)
 .ARM.exidx     0x000000001a005558        0x8 /home/pablo/eiti/2022/embebidos/gcc/gcc-arm/bin/../lib/gcc/arm-none-eabi/10.3.1/thumb/v7e-m+fp/softfp/libgcc.a(_udivmoddi4.o)
                0x000000001a005560                __exidx_end = .
                0x000000001a005560                _etext = .

.rel.dyn        0x000000001a005560        0x0
 .rel.iplt      0x000000001a005560        0x0 build/obj/src/bsp.o

.data_RAM2      0x0000000010080000     0xa000 load address 0x000000001a005560
 FILL mask 0xff
 *(.ramfunc.$RAM2)
 *(.ramfunc.$RamLoc40)
 *(.data.$RAM2*)
 .data.$RAM2    0x0000000010080000     0xa000 build/lib/boards/edu-ciaa-nxp.a(board.o)
                0x0000000010080000                ucHeap
 *(.data.$RamLoc40*)
                0x000000001008a000                . = ALIGN (0x4)

.data_RAM3      0x0000000020000000        0x0 load address 0x000000001a00f560
 FILL mask 0xff
 *(.ramfunc.$RAM3)
 *(.ramfunc.$RamAHB32)
 *(.data.$RAM3*)
 *(.data.$RamAHB32*)
                0x0000000020000000                . = ALIGN (0x4)

.data_RAM4      0x0000000020008000        0x0 load address 0x000000001a00f560
 FILL mask 0xff
 *(.ramfunc.$RAM4)
 *(.ramfunc.$RamAHB16)
 *(.data.$RAM4*)
 *(.data.$RamAHB16*)
                0x0000000020008000                . = ALIGN (0x4)

.data_RAM5      0x000000002000c000        0x0 load address 0x000000001a00f560
 FILL mask 0xff
 *(.ramfunc.$RAM5)
 *(.ramfunc.$RamAHB_ETB16)
 *(.data.$RAM5*)
 *(.data.$RamAHB_ETB16*)
                0x000000002000c000                . = ALIGN (0x4)

.uninit_RESERVED
                0x0000000010000000        0x0
 *(.bss.$RESERVED*)
                0x0000000010000000                . = ALIGN (0x4)
                0x0000000010000000                _end_uninit_RESERVED = .

.data           0x0000000010000000       0x40 load address 0x000000001a00f560
 FILL mask 0xff
                0x0000000010000000                _data = .
 *(vtable)
 *(.ramfunc*)
 *(.data*)
 .data.uxTopUsedPriority
                0x0000000010000000        0x4 build/lib/modules/freertos.a(tasks.o)
                0x0000000010000000                uxTopUsedPriority
 .data.uxCriticalNesting
                0x0000000010000004        0x4 build/lib/modules/freertos.a(port.o)
 .data.i2c      0x0000000010000008       0x38 build/lib/boards/edu-ciaa-nxp.a(i2c_18xx_43xx.o)
                0x0000000010000040                . = ALIGN (0x4)
                0x0000000010000040                _edata = .

.igot.plt       0x0000000010000040        0x0 load address 0x000000001a00f5a0
 .igot.plt      0x0000000010000040        0x0 build/obj/src/bsp.o

.bss_RAM2       0x000000001008a000        0x0
 *(.bss.$RAM2*)
 *(.bss.$RamLoc40*)
                0x000000001008a000                . = ALIGN (0x4)

.bss_RAM3       0x0000000020000000        0x0
 *(.bss.$RAM3*)
 *(.bss.$RamAHB32*)
                0x0000000020000000                . = ALIGN (0x4)

.bss_RAM4       0x0000000020008000        0x0
 *(.bss.$RAM4*)
 *(.bss.$RamAHB16*)
                0x0000000020008000                . = ALIGN (0x4)

.bss_RAM5       0x000000002000c000        0x0
 *(.bss.$RAM5*)
 *(.bss.$RamAHB_ETB16*)
                0x000000002000c000                . = ALIGN (0x4)

.bss            0x0000000010000040      0x224
                0x0000000010000040                _bss = .
 *(.bss*)
 .bss.board     0x0000000010000040       0x20 build/obj/src/bsp.o
 .bss.instances.1
                0x0000000010000060       0x14 build/obj/src/digital.o
 .bss.instances.0
                0x0000000010000074        0xc build/obj/src/digital.o
 .bss.eventos_teclas
                0x0000000010000080        0x4 build/obj/src/main.o
                0x0000000010000080                eventos_teclas
 .bss.board     0x0000000010000084        0x4 build/obj/src/main.o
 .bss.pxCurrentTCB
                0x0000000010000088        0x4 build/lib/modules/freertos.a(tasks.o)
                0x0000000010000088                pxCurrentTCB
 .bss.pxReadyTasksLists
                0x000000001000008c       0x8c build/lib/modules/freertos.a(tasks.o)
 .bss.xDelayedTaskList1
                0x0000000010000118       0x14 build/lib/modules/freertos.a(tasks.o)
 .bss.xDelayedTaskList2
                0x000000001000012c       0x14 build/lib/modules/freertos.a(tasks.o)
 .bss.pxDelayedTaskList
                0x0000000010000140        0x4 build/lib/modules/freertos.a(tasks.o)
 .bss.pxOverflowDelayedTaskList
                0x0000000010000144        0x4 build/lib/modules/freertos.a(tasks.o)
 .bss.xPendingReadyList
                0x0000000010000148       0x14 build/lib/modules/freertos.a(tasks.o)
 .bss.xTasksWaitingTermination
                0x000000001000015c       0x14 build/lib/modules/freertos.a(tasks.o)
 .bss.uxDeletedTasksWaitingCleanUp
                0x0000000010000170        0x4 build/lib/modules/freertos.a(tasks.o)
 .bss.xSuspendedTaskList
                0x0000000010000174       0x14 build/lib/modules/freertos.a(tasks.o)
 .bss.uxCurrentNumberOfTasks
                0x0000000010000188        0x4 build/lib/modules/freertos.a(tasks.o)
 .bss.xTickCount
                0x000000001000018c        0x4 build/lib/modules/freertos.a(tasks.o)
 .bss.uxTopReadyPriority
                0x0000000010000190        0x4 build/lib/modules/freertos.a(tasks.o)
 .bss.xSchedulerRunning
                0x0000000010000194        0x4 build/lib/modules/freertos.a(tasks.o)
 .bss.xPendedTicks
                0x0000000010000198        0x4 build/lib/modules/freertos.a(tasks.o)
 .bss.xYieldPending
                0x000000001000019c        0x4 build/lib/modules/freertos.a(tasks.o)
 .bss.xNumOfOverflows
                0x00000000100001a0        0x4 build/lib/modules/freertos.a(tasks.o)
 .bss.uxTaskNumber
                0x00000000100001a4        0x4 build/lib/modules/freertos.a(tasks.o)
 .bss.xNextTaskUnblockTime
                0x00000000100001a8        0x4 build/lib/modules/freertos.a(tasks.o)
 .bss.xIdleTaskHandle
                0x00000000100001ac        0x4 build/lib/modules/freertos.a(tasks.o)
 .bss.uxSchedulerSuspended
                0x00000000100001b0        0x4 build/lib/modules/freertos.a(tasks.o)
 .bss.xActiveTimerList1
                0x00000000100001b4       0x14 build/lib/modules/freertos.a(timers.o)
 .bss.xActiveTimerList2
                0x00000000100001c8       0x14 build/lib/modules/freertos.a(timers.o)
 .bss.pxCurrentTimerList
                0x00000000100001dc        0x4 build/lib/modules/freertos.a(timers.o)
 .bss.pxOverflowTimerList
                0x00000000100001e0        0x4 build/lib/modules/freertos.a(timers.o)
 .bss.xTimerQueue
                0x00000000100001e4        0x4 build/lib/modules/freertos.a(timers.o)
 .bss.xTimerTaskHandle
                0x00000000100001e8        0x4 build/lib/modules/freertos.a(timers.o)
 .bss.xLastTime.0
                0x00000000100001ec        0x4 build/lib/modules/freertos.a(timers.o)
 .bss.ucMaxSysCallPriority
                0x00000000100001f0        0x1 build/lib/modules/freertos.a(port.o)
 *fill*         0x00000000100001f1        0x3 
 .bss.ulMaxPRIGROUPValue
                0x00000000100001f4        0x4 build/lib/modules/freertos.a(port.o)
 .bss.xStart    0x00000000100001f8        0x8 build/lib/modules/freertos.a(heap_4.o)
 .bss.pxEnd     0x0000000010000200        0x4 build/lib/modules/freertos.a(heap_4.o)
 .bss.xFreeBytesRemaining
                0x0000000010000204        0x4 build/lib/modules/freertos.a(heap_4.o)
 .bss.xMinimumEverFreeBytesRemaining
                0x0000000010000208        0x4 build/lib/modules/freertos.a(heap_4.o)
 .bss.xNumberOfSuccessfulAllocations
                0x000000001000020c        0x4 build/lib/modules/freertos.a(heap_4.o)
 .bss.xNumberOfSuccessfulFrees
                0x0000000010000210        0x4 build/lib/modules/freertos.a(heap_4.o)
 .bss.xBlockAllocatedBit
                0x0000000010000214        0x4 build/lib/modules/freertos.a(heap_4.o)
 .bss.xQueueRegistry
                0x0000000010000218       0x40 build/lib/modules/freertos.a(queue.o)
                0x0000000010000218                xQueueRegistry
 .bss.SystemCoreClock
                0x0000000010000258        0x4 build/lib/boards/edu-ciaa-nxp.a(chip_18xx_43xx.o)
                0x0000000010000258                SystemCoreClock
 .bss.audio_usb_pll_freq
                0x000000001000025c        0x8 build/lib/boards/edu-ciaa-nxp.a(clock_18xx_43xx.o)
 *(COMMON)
                0x0000000010000264                . = ALIGN (0x4)
                0x0000000010000264                _ebss = .
                [!provide]                        PROVIDE (end = .)

.noinit_RAM2    0x000000001008a000        0x0
 *(.noinit.$RAM2*)
 *(.noinit.$RamLoc40*)
                0x000000001008a000                . = ALIGN (0x4)

.noinit_RAM3    0x0000000020000000        0x0
 *(.noinit.$RAM3*)
 *(.noinit.$RamAHB32*)
                0x0000000020000000                . = ALIGN (0x4)

.noinit_RAM4    0x0000000020008000        0x0
 *(.noinit.$RAM4*)
 *(.noinit.$RamAHB16*)
                0x0000000020008000                . = ALIGN (0x4)

.noinit_RAM5    0x000000002000c000        0x0
 *(.noinit.$RAM5*)
 *(.noinit.$RamAHB_ETB16*)
                0x000000002000c000                . = ALIGN (0x4)

.noinit         0x0000000010000264        0x0
                0x0000000010000264                _noinit = .
 *(.noinit*)
                0x0000000010000264                . = ALIGN (0x4)
                0x0000000010000264                _end_noinit = .
                [!provide]                        PROVIDE (_pvHeapStart = .)
                0x0000000010008000                PROVIDE (_vStackTop = (__top_RamLoc32 - 0x0))
                0xffffffff53ff4376                PROVIDE (__valid_user_code_checksum = (0x0 - ((((((_vStackTop + (Reset_Handler + 0x1)) + (NMI_Handler + 0x1)) + (HardFault_Handler + 0x1)) + (DEFINED (MemManage_Handler)?MemManage_Handler:0x0 + 0x1)) + (DEFINED (BusFault_Handler)?BusFault_Handler:0x0 + 0x1)) + (DEFINED (UsageFault_Handler)?UsageFault_Handler:0x0 + 0x1))))
OUTPUT(build/bin/tp10.elf elf32-littlearm)
LOAD linker stubs

.debug_info     0x0000000000000000    0x125f8
 .debug_info    0x0000000000000000      0xfab build/obj/src/bsp.o
 .debug_info    0x0000000000000fab      0x6d8 build/obj/src/digital.o
 .debug_info    0x0000000000001683      0x7b7 build/obj/src/main.o
 .debug_info    0x0000000000001e3a      0x9be build/lib/modules/freertos.a(event_groups.o)
 .debug_info    0x00000000000027f8      0x2d8 build/lib/modules/freertos.a(list.o)
 .debug_info    0x0000000000002ad0     0x26d4 build/lib/modules/freertos.a(tasks.o)
 .debug_info    0x00000000000051a4     0x135e build/lib/modules/freertos.a(timers.o)
 .debug_info    0x0000000000006502      0x9cb build/lib/modules/freertos.a(port.o)
 .debug_info    0x0000000000006ecd      0x98f build/lib/modules/freertos.a(heap_4.o)
 .debug_info    0x000000000000785c     0x1c97 build/lib/modules/freertos.a(queue.o)
 .debug_info    0x00000000000094f3      0x603 build/lib/boards/edu-ciaa-nxp.a(board.o)
 .debug_info    0x0000000000009af6      0x2b5 build/lib/boards/edu-ciaa-nxp.a(armv7m_startup.o)
 .debug_info    0x0000000000009dab      0xa65 build/lib/boards/edu-ciaa-nxp.a(chip_18xx_43xx.o)
 .debug_info    0x000000000000a810     0x1678 build/lib/boards/edu-ciaa-nxp.a(clock_18xx_43xx.o)
 .debug_info    0x000000000000be88      0x33e build/lib/boards/edu-ciaa-nxp.a(sysinit.o)
 .debug_info    0x000000000000c1c6     0x14c8 build/lib/boards/edu-ciaa-nxp.a(board_lpcopen.o)
 .debug_info    0x000000000000d68e      0xbce build/lib/boards/edu-ciaa-nxp.a(board_sysinit.o)
 .debug_info    0x000000000000e25c      0x9c1 build/lib/boards/edu-ciaa-nxp.a(adc_18xx_43xx.o)
 .debug_info    0x000000000000ec1d      0x1e1 build/lib/boards/edu-ciaa-nxp.a(gpio_18xx_43xx.o)
 .debug_info    0x000000000000edfe     0x10f4 build/lib/boards/edu-ciaa-nxp.a(i2c_18xx_43xx.o)
 .debug_info    0x000000000000fef2      0xc7d build/lib/boards/edu-ciaa-nxp.a(ssp_18xx_43xx.o)
 .debug_info    0x0000000000010b6f      0x921 build/lib/boards/edu-ciaa-nxp.a(sysinit_18xx_43xx.o)
 .debug_info    0x0000000000011490     0x1168 build/lib/boards/edu-ciaa-nxp.a(uart_18xx_43xx.o)

.debug_abbrev   0x0000000000000000     0x2ea6
 .debug_abbrev  0x0000000000000000      0x286 build/obj/src/bsp.o
 .debug_abbrev  0x0000000000000286      0x1fa build/obj/src/digital.o
 .debug_abbrev  0x0000000000000480      0x138 build/obj/src/main.o
 .debug_abbrev  0x00000000000005b8      0x22a build/lib/modules/freertos.a(event_groups.o)
 .debug_abbrev  0x00000000000007e2       0xf2 build/lib/modules/freertos.a(list.o)
 .debug_abbrev  0x00000000000008d4      0x2f5 build/lib/modules/freertos.a(tasks.o)
 .debug_abbrev  0x0000000000000bc9      0x285 build/lib/modules/freertos.a(timers.o)
 .debug_abbrev  0x0000000000000e4e      0x26b build/lib/modules/freertos.a(port.o)
 .debug_abbrev  0x00000000000010b9      0x224 build/lib/modules/freertos.a(heap_4.o)
 .debug_abbrev  0x00000000000012dd      0x2b2 build/lib/modules/freertos.a(queue.o)
 .debug_abbrev  0x000000000000158f       0xfc build/lib/boards/edu-ciaa-nxp.a(board.o)
 .debug_abbrev  0x000000000000168b       0xfd build/lib/boards/edu-ciaa-nxp.a(armv7m_startup.o)
 .debug_abbrev  0x0000000000001788      0x173 build/lib/boards/edu-ciaa-nxp.a(chip_18xx_43xx.o)
 .debug_abbrev  0x00000000000018fb      0x2fc build/lib/boards/edu-ciaa-nxp.a(clock_18xx_43xx.o)
 .debug_abbrev  0x0000000000001bf7       0xfd build/lib/boards/edu-ciaa-nxp.a(sysinit.o)
 .debug_abbrev  0x0000000000001cf4      0x394 build/lib/boards/edu-ciaa-nxp.a(board_lpcopen.o)
 .debug_abbrev  0x0000000000002088      0x1d0 build/lib/boards/edu-ciaa-nxp.a(board_sysinit.o)
 .debug_abbrev  0x0000000000002258      0x1d2 build/lib/boards/edu-ciaa-nxp.a(adc_18xx_43xx.o)
 .debug_abbrev  0x000000000000242a       0xe7 build/lib/boards/edu-ciaa-nxp.a(gpio_18xx_43xx.o)
 .debug_abbrev  0x0000000000002511      0x298 build/lib/boards/edu-ciaa-nxp.a(i2c_18xx_43xx.o)
 .debug_abbrev  0x00000000000027a9      0x262 build/lib/boards/edu-ciaa-nxp.a(ssp_18xx_43xx.o)
 .debug_abbrev  0x0000000000002a0b      0x196 build/lib/boards/edu-ciaa-nxp.a(sysinit_18xx_43xx.o)
 .debug_abbrev  0x0000000000002ba1      0x305 build/lib/boards/edu-ciaa-nxp.a(uart_18xx_43xx.o)

.debug_aranges  0x0000000000000000      0xf10
 .debug_aranges
                0x0000000000000000       0x60 build/obj/src/bsp.o
 .debug_aranges
                0x0000000000000060       0xa0 build/obj/src/digital.o
 .debug_aranges
                0x0000000000000100       0x48 build/obj/src/main.o
 .debug_aranges
                0x0000000000000148       0x88 build/lib/modules/freertos.a(event_groups.o)
 .debug_aranges
                0x00000000000001d0       0x40 build/lib/modules/freertos.a(list.o)
 .debug_aranges
                0x0000000000000210      0x208 build/lib/modules/freertos.a(tasks.o)
 .debug_aranges
                0x0000000000000418       0xe8 build/lib/modules/freertos.a(timers.o)
 .debug_aranges
                0x0000000000000500       0x80 build/lib/modules/freertos.a(port.o)
 .debug_aranges
                0x0000000000000580       0x58 build/lib/modules/freertos.a(heap_4.o)
 .debug_aranges
                0x00000000000005d8      0x140 build/lib/modules/freertos.a(queue.o)
 .debug_aranges
                0x0000000000000718       0x28 build/lib/boards/edu-ciaa-nxp.a(board.o)
 .debug_aranges
                0x0000000000000740       0x90 build/lib/boards/edu-ciaa-nxp.a(armv7m_startup.o)
 .debug_aranges
                0x00000000000007d0       0x40 build/lib/boards/edu-ciaa-nxp.a(chip_18xx_43xx.o)
 .debug_aranges
                0x0000000000000810      0x138 build/lib/boards/edu-ciaa-nxp.a(clock_18xx_43xx.o)
 .debug_aranges
                0x0000000000000948       0x28 build/lib/boards/edu-ciaa-nxp.a(sysinit.o)
 .debug_aranges
                0x0000000000000970      0x130 build/lib/boards/edu-ciaa-nxp.a(board_lpcopen.o)
 .debug_aranges
                0x0000000000000aa0       0x48 build/lib/boards/edu-ciaa-nxp.a(board_sysinit.o)
 .debug_aranges
                0x0000000000000ae8       0x98 build/lib/boards/edu-ciaa-nxp.a(adc_18xx_43xx.o)
 .debug_aranges
                0x0000000000000b80       0x28 build/lib/boards/edu-ciaa-nxp.a(gpio_18xx_43xx.o)
 .debug_aranges
                0x0000000000000ba8      0x118 build/lib/boards/edu-ciaa-nxp.a(i2c_18xx_43xx.o)
 .debug_aranges
                0x0000000000000cc0       0xe8 build/lib/boards/edu-ciaa-nxp.a(ssp_18xx_43xx.o)
 .debug_aranges
                0x0000000000000da8       0x50 build/lib/boards/edu-ciaa-nxp.a(sysinit_18xx_43xx.o)
 .debug_aranges
                0x0000000000000df8      0x118 build/lib/boards/edu-ciaa-nxp.a(uart_18xx_43xx.o)

.debug_ranges   0x0000000000000000      0xdd0
 .debug_ranges  0x0000000000000000       0x50 build/obj/src/bsp.o
 .debug_ranges  0x0000000000000050       0x90 build/obj/src/digital.o
 .debug_ranges  0x00000000000000e0       0x38 build/obj/src/main.o
 .debug_ranges  0x0000000000000118       0x78 build/lib/modules/freertos.a(event_groups.o)
 .debug_ranges  0x0000000000000190       0x30 build/lib/modules/freertos.a(list.o)
 .debug_ranges  0x00000000000001c0      0x1f8 build/lib/modules/freertos.a(tasks.o)
 .debug_ranges  0x00000000000003b8       0xd8 build/lib/modules/freertos.a(timers.o)
 .debug_ranges  0x0000000000000490       0x70 build/lib/modules/freertos.a(port.o)
 .debug_ranges  0x0000000000000500       0x48 build/lib/modules/freertos.a(heap_4.o)
 .debug_ranges  0x0000000000000548      0x130 build/lib/modules/freertos.a(queue.o)
 .debug_ranges  0x0000000000000678       0x18 build/lib/boards/edu-ciaa-nxp.a(board.o)
 .debug_ranges  0x0000000000000690       0x80 build/lib/boards/edu-ciaa-nxp.a(armv7m_startup.o)
 .debug_ranges  0x0000000000000710       0x30 build/lib/boards/edu-ciaa-nxp.a(chip_18xx_43xx.o)
 .debug_ranges  0x0000000000000740      0x140 build/lib/boards/edu-ciaa-nxp.a(clock_18xx_43xx.o)
 .debug_ranges  0x0000000000000880       0x18 build/lib/boards/edu-ciaa-nxp.a(sysinit.o)
 .debug_ranges  0x0000000000000898      0x120 build/lib/boards/edu-ciaa-nxp.a(board_lpcopen.o)
 .debug_ranges  0x00000000000009b8       0x38 build/lib/boards/edu-ciaa-nxp.a(board_sysinit.o)
 .debug_ranges  0x00000000000009f0       0x88 build/lib/boards/edu-ciaa-nxp.a(adc_18xx_43xx.o)
 .debug_ranges  0x0000000000000a78       0x18 build/lib/boards/edu-ciaa-nxp.a(gpio_18xx_43xx.o)
 .debug_ranges  0x0000000000000a90      0x108 build/lib/boards/edu-ciaa-nxp.a(i2c_18xx_43xx.o)
 .debug_ranges  0x0000000000000b98       0xd8 build/lib/boards/edu-ciaa-nxp.a(ssp_18xx_43xx.o)
 .debug_ranges  0x0000000000000c70       0x40 build/lib/boards/edu-ciaa-nxp.a(sysinit_18xx_43xx.o)
 .debug_ranges  0x0000000000000cb0      0x120 build/lib/boards/edu-ciaa-nxp.a(uart_18xx_43xx.o)

.debug_macro    0x0000000000000000     0xcb45
 .debug_macro   0x0000000000000000      0x332 build/obj/src/bsp.o
 .debug_macro   0x0000000000000332      0xa9c build/obj/src/bsp.o
 .debug_macro   0x0000000000000dce       0x22 build/obj/src/bsp.o
 .debug_macro   0x0000000000000df0       0x22 build/obj/src/bsp.o
 .debug_macro   0x0000000000000e12       0x8e build/obj/src/bsp.o
 .debug_macro   0x0000000000000ea0       0x51 build/obj/src/bsp.o
 .debug_macro   0x0000000000000ef1      0x103 build/obj/src/bsp.o
 .debug_macro   0x0000000000000ff4       0x6a build/obj/src/bsp.o
 .debug_macro   0x000000000000105e      0x1df build/obj/src/bsp.o
 .debug_macro   0x000000000000123d       0x10 build/obj/src/bsp.o
 .debug_macro   0x000000000000124d       0x79 build/obj/src/bsp.o
 .debug_macro   0x00000000000012c6       0x22 build/obj/src/bsp.o
 .debug_macro   0x00000000000012e8       0x1c build/obj/src/bsp.o
 .debug_macro   0x0000000000001304       0x22 build/obj/src/bsp.o
 .debug_macro   0x0000000000001326       0xd9 build/obj/src/bsp.o
 .debug_macro   0x00000000000013ff     0x102d build/obj/src/bsp.o
 .debug_macro   0x000000000000242c      0x11f build/obj/src/bsp.o
 .debug_macro   0x000000000000254b      0x2c3 build/obj/src/bsp.o
 .debug_macro   0x000000000000280e      0x112 build/obj/src/bsp.o
 .debug_macro   0x0000000000002920       0x11 build/obj/src/bsp.o
 .debug_macro   0x0000000000002931       0x2a build/obj/src/bsp.o
 .debug_macro   0x000000000000295b       0x16 build/obj/src/bsp.o
 .debug_macro   0x0000000000002971      0x2e6 build/obj/src/bsp.o
 .debug_macro   0x0000000000002c57       0x82 build/obj/src/bsp.o
 .debug_macro   0x0000000000002cd9      0x13d build/obj/src/bsp.o
 .debug_macro   0x0000000000002e16      0x198 build/obj/src/bsp.o
 .debug_macro   0x0000000000002fae       0x34 build/obj/src/bsp.o
 .debug_macro   0x0000000000002fe2       0x58 build/obj/src/bsp.o
 .debug_macro   0x000000000000303a      0x236 build/obj/src/bsp.o
 .debug_macro   0x0000000000003270      0x572 build/obj/src/bsp.o
 .debug_macro   0x00000000000037e2       0x16 build/obj/src/bsp.o
 .debug_macro   0x00000000000037f8      0x18a build/obj/src/bsp.o
 .debug_macro   0x0000000000003982       0x88 build/obj/src/bsp.o
 .debug_macro   0x0000000000003a0a      0x1b9 build/obj/src/bsp.o
 .debug_macro   0x0000000000003bc3      0x1da build/obj/src/bsp.o
 .debug_macro   0x0000000000003d9d       0x40 build/obj/src/bsp.o
 .debug_macro   0x0000000000003ddd       0x1c build/obj/src/bsp.o
 .debug_macro   0x0000000000003df9       0x2e build/obj/src/bsp.o
 .debug_macro   0x0000000000003e27       0x2e build/obj/src/bsp.o
 .debug_macro   0x0000000000003e55       0x22 build/obj/src/bsp.o
 .debug_macro   0x0000000000003e77      0x201 build/obj/src/bsp.o
 .debug_macro   0x0000000000004078       0xe0 build/obj/src/bsp.o
 .debug_macro   0x0000000000004158      0x34c build/obj/src/bsp.o
 .debug_macro   0x00000000000044a4       0xdc build/obj/src/bsp.o
 .debug_macro   0x0000000000004580       0xc4 build/obj/src/bsp.o
 .debug_macro   0x0000000000004644       0x8f build/obj/src/bsp.o
 .debug_macro   0x00000000000046d3       0x94 build/obj/src/bsp.o
 .debug_macro   0x0000000000004767       0xb8 build/obj/src/bsp.o
 .debug_macro   0x000000000000481f       0x4c build/obj/src/bsp.o
 .debug_macro   0x000000000000486b       0x16 build/obj/src/bsp.o
 .debug_macro   0x0000000000004881      0x328 build/obj/src/bsp.o
 .debug_macro   0x0000000000004ba9       0x3a build/obj/src/bsp.o
 .debug_macro   0x0000000000004be3       0xd0 build/obj/src/bsp.o
 .debug_macro   0x0000000000004cb3       0x18 build/obj/src/bsp.o
 .debug_macro   0x0000000000004ccb       0x22 build/obj/src/bsp.o
 .debug_macro   0x0000000000004ced       0x40 build/obj/src/bsp.o
 .debug_macro   0x0000000000004d2d      0x130 build/obj/src/bsp.o
 .debug_macro   0x0000000000004e5d      0x325 build/obj/src/digital.o
 .debug_macro   0x0000000000005182      0x574 build/obj/src/main.o
 .debug_macro   0x00000000000056f6      0x174 build/obj/src/main.o
 .debug_macro   0x000000000000586a       0x72 build/obj/src/main.o
 .debug_macro   0x00000000000058dc       0x11 build/obj/src/main.o
 .debug_macro   0x00000000000058ed       0x64 build/obj/src/main.o
 .debug_macro   0x0000000000005951       0x1e build/obj/src/main.o
 .debug_macro   0x000000000000596f       0x35 build/obj/src/main.o
 .debug_macro   0x00000000000059a4       0x34 build/obj/src/main.o
 .debug_macro   0x00000000000059d8       0x16 build/obj/src/main.o
 .debug_macro   0x00000000000059ee       0x35 build/obj/src/main.o
 .debug_macro   0x0000000000005a23      0x341 build/obj/src/main.o
 .debug_macro   0x0000000000005d64       0x10 build/obj/src/main.o
 .debug_macro   0x0000000000005d74       0x16 build/obj/src/main.o
 .debug_macro   0x0000000000005d8a       0x43 build/obj/src/main.o
 .debug_macro   0x0000000000005dcd       0x34 build/obj/src/main.o
 .debug_macro   0x0000000000005e01       0x10 build/obj/src/main.o
 .debug_macro   0x0000000000005e11       0x58 build/obj/src/main.o
 .debug_macro   0x0000000000005e69      0x182 build/obj/src/main.o
 .debug_macro   0x0000000000005feb       0x10 build/obj/src/main.o
 .debug_macro   0x0000000000005ffb       0x1c build/obj/src/main.o
 .debug_macro   0x0000000000006017       0x52 build/obj/src/main.o
 .debug_macro   0x0000000000006069       0x22 build/obj/src/main.o
 .debug_macro   0x000000000000608b       0x10 build/obj/src/main.o
 .debug_macro   0x000000000000609b       0x52 build/obj/src/main.o
 .debug_macro   0x00000000000060ed       0xd5 build/obj/src/main.o
 .debug_macro   0x00000000000061c2       0x1c build/obj/src/main.o
 .debug_macro   0x00000000000061de       0x3d build/obj/src/main.o
 .debug_macro   0x000000000000621b       0x16 build/obj/src/main.o
 .debug_macro   0x0000000000006231      0x16f build/obj/src/main.o
 .debug_macro   0x00000000000063a0       0x20 build/obj/src/main.o
 .debug_macro   0x00000000000063c0      0x109 build/obj/src/main.o
 .debug_macro   0x00000000000064c9      0x181 build/obj/src/main.o
 .debug_macro   0x000000000000664a      0x15a build/obj/src/main.o
 .debug_macro   0x00000000000067a4       0xea build/obj/src/main.o
 .debug_macro   0x000000000000688e       0x1c build/obj/src/main.o
 .debug_macro   0x00000000000068aa       0x26 build/obj/src/main.o
 .debug_macro   0x00000000000068d0      0x4c5 build/obj/src/main.o
 .debug_macro   0x0000000000006d95       0xb5 build/obj/src/main.o
 .debug_macro   0x0000000000006e4a      0x120 build/obj/src/main.o
 .debug_macro   0x0000000000006f6a       0x91 build/obj/src/main.o
 .debug_macro   0x0000000000006ffb       0x86 build/obj/src/main.o
 .debug_macro   0x0000000000007081       0x7e build/obj/src/main.o
 .debug_macro   0x00000000000070ff      0x56e build/lib/modules/freertos.a(event_groups.o)
 .debug_macro   0x000000000000766d       0x5e build/lib/modules/freertos.a(event_groups.o)
 .debug_macro   0x00000000000076cb       0x94 build/lib/modules/freertos.a(event_groups.o)
 .debug_macro   0x000000000000775f       0x16 build/lib/modules/freertos.a(event_groups.o)
 .debug_macro   0x0000000000007775      0x10e build/lib/modules/freertos.a(event_groups.o)
 .debug_macro   0x0000000000007883       0x8d build/lib/modules/freertos.a(event_groups.o)
 .debug_macro   0x0000000000007910       0x57 build/lib/modules/freertos.a(event_groups.o)
 .debug_macro   0x0000000000007967       0x16 build/lib/modules/freertos.a(event_groups.o)
 .debug_macro   0x000000000000797d       0x29 build/lib/modules/freertos.a(event_groups.o)
 .debug_macro   0x00000000000079a6       0x6c build/lib/modules/freertos.a(event_groups.o)
 .debug_macro   0x0000000000007a12       0x1c build/lib/modules/freertos.a(event_groups.o)
 .debug_macro   0x0000000000007a2e      0x51f build/lib/modules/freertos.a(list.o)
 .debug_macro   0x0000000000007f4d      0x600 build/lib/modules/freertos.a(tasks.o)
 .debug_macro   0x000000000000854d       0x16 build/lib/modules/freertos.a(tasks.o)
 .debug_macro   0x0000000000008563       0x10 build/lib/modules/freertos.a(tasks.o)
 .debug_macro   0x0000000000008573      0x568 build/lib/modules/freertos.a(timers.o)
 .debug_macro   0x0000000000008adb       0x80 build/lib/modules/freertos.a(timers.o)
 .debug_macro   0x0000000000008b5b       0x97 build/lib/modules/freertos.a(timers.o)
 .debug_macro   0x0000000000008bf2      0x5c0 build/lib/modules/freertos.a(port.o)
 .debug_macro   0x00000000000091b2      0x53a build/lib/modules/freertos.a(heap_4.o)
 .debug_macro   0x00000000000096ec      0x5a3 build/lib/modules/freertos.a(queue.o)
 .debug_macro   0x0000000000009c8f      0x495 build/lib/boards/edu-ciaa-nxp.a(board.o)
 .debug_macro   0x000000000000a124       0x73 build/lib/boards/edu-ciaa-nxp.a(board.o)
 .debug_macro   0x000000000000a197       0x97 build/lib/boards/edu-ciaa-nxp.a(board.o)
 .debug_macro   0x000000000000a22e       0xfd build/lib/boards/edu-ciaa-nxp.a(board.o)
 .debug_macro   0x000000000000a32b      0x187 build/lib/boards/edu-ciaa-nxp.a(board.o)
 .debug_macro   0x000000000000a4b2       0x1d build/lib/boards/edu-ciaa-nxp.a(armv7m_startup.o)
 .debug_macro   0x000000000000a4cf      0x315 build/lib/boards/edu-ciaa-nxp.a(chip_18xx_43xx.o)
 .debug_macro   0x000000000000a7e4      0x31b build/lib/boards/edu-ciaa-nxp.a(clock_18xx_43xx.o)
 .debug_macro   0x000000000000aaff      0x48c build/lib/boards/edu-ciaa-nxp.a(sysinit.o)
 .debug_macro   0x000000000000af8b      0x49e build/lib/boards/edu-ciaa-nxp.a(board_lpcopen.o)
 .debug_macro   0x000000000000b429      0x48c build/lib/boards/edu-ciaa-nxp.a(board_sysinit.o)
 .debug_macro   0x000000000000b8b5      0x315 build/lib/boards/edu-ciaa-nxp.a(adc_18xx_43xx.o)
 .debug_macro   0x000000000000bbca      0x315 build/lib/boards/edu-ciaa-nxp.a(gpio_18xx_43xx.o)
 .debug_macro   0x000000000000bedf      0x327 build/lib/boards/edu-ciaa-nxp.a(i2c_18xx_43xx.o)
 .debug_macro   0x000000000000c206      0x315 build/lib/boards/edu-ciaa-nxp.a(ssp_18xx_43xx.o)
 .debug_macro   0x000000000000c51b      0x315 build/lib/boards/edu-ciaa-nxp.a(sysinit_18xx_43xx.o)
 .debug_macro   0x000000000000c830      0x315 build/lib/boards/edu-ciaa-nxp.a(uart_18xx_43xx.o)

.debug_line     0x0000000000000000    0x1247b
 .debug_line    0x0000000000000000      0x8ee build/obj/src/bsp.o
 .debug_line    0x00000000000008ee      0xa25 build/obj/src/digital.o
 .debug_line    0x0000000000001313      0xb3a build/obj/src/main.o
 .debug_line    0x0000000000001e4d      0xe83 build/lib/modules/freertos.a(event_groups.o)
 .debug_line    0x0000000000002cd0      0xaf4 build/lib/modules/freertos.a(list.o)
 .debug_line    0x00000000000037c4     0x2136 build/lib/modules/freertos.a(tasks.o)
 .debug_line    0x00000000000058fa     0x10de build/lib/modules/freertos.a(timers.o)
 .debug_line    0x00000000000069d8      0xce5 build/lib/modules/freertos.a(port.o)
 .debug_line    0x00000000000076bd      0xd3f build/lib/modules/freertos.a(heap_4.o)
 .debug_line    0x00000000000083fc     0x1a02 build/lib/modules/freertos.a(queue.o)
 .debug_line    0x0000000000009dfe      0x943 build/lib/boards/edu-ciaa-nxp.a(board.o)
 .debug_line    0x000000000000a741      0x1fe build/lib/boards/edu-ciaa-nxp.a(armv7m_startup.o)
 .debug_line    0x000000000000a93f      0x7dc build/lib/boards/edu-ciaa-nxp.a(chip_18xx_43xx.o)
 .debug_line    0x000000000000b11b     0x10d9 build/lib/boards/edu-ciaa-nxp.a(clock_18xx_43xx.o)
 .debug_line    0x000000000000c1f4      0x90a build/lib/boards/edu-ciaa-nxp.a(sysinit.o)
 .debug_line    0x000000000000cafe      0xd5f build/lib/boards/edu-ciaa-nxp.a(board_lpcopen.o)
 .debug_line    0x000000000000d85d      0x9d2 build/lib/boards/edu-ciaa-nxp.a(board_sysinit.o)
 .debug_line    0x000000000000e22f      0x9bc build/lib/boards/edu-ciaa-nxp.a(adc_18xx_43xx.o)
 .debug_line    0x000000000000ebeb      0x746 build/lib/boards/edu-ciaa-nxp.a(gpio_18xx_43xx.o)
 .debug_line    0x000000000000f331      0xdee build/lib/boards/edu-ciaa-nxp.a(i2c_18xx_43xx.o)
 .debug_line    0x000000000001011f      0xdbc build/lib/boards/edu-ciaa-nxp.a(ssp_18xx_43xx.o)
 .debug_line    0x0000000000010edb      0x8c4 build/lib/boards/edu-ciaa-nxp.a(sysinit_18xx_43xx.o)
 .debug_line    0x000000000001179f      0xcdc build/lib/boards/edu-ciaa-nxp.a(uart_18xx_43xx.o)

.debug_str      0x0000000000000000    0x27946
 .debug_str     0x0000000000000000    0x17902 build/obj/src/bsp.o
                                      0x17b5c (size before relaxing)
 .debug_str     0x0000000000017902      0x1b7 build/obj/src/digital.o
                                      0x16a51 (size before relaxing)
 .debug_str     0x0000000000017ab9     0xa441 build/obj/src/main.o
                                      0x21741 (size before relaxing)
 .debug_str     0x0000000000021efa      0x59b build/lib/modules/freertos.a(event_groups.o)
                                      0x2029f (size before relaxing)
 .debug_str     0x0000000000022495       0xb8 build/lib/modules/freertos.a(list.o)
                                      0x1e488 (size before relaxing)
 .debug_str     0x000000000002254d     0x14fb build/lib/modules/freertos.a(tasks.o)
                                      0x21e93 (size before relaxing)
 .debug_str     0x0000000000023a48      0x5f4 build/lib/modules/freertos.a(timers.o)
                                      0x2161e (size before relaxing)
 .debug_str     0x000000000002403c      0x7f4 build/lib/modules/freertos.a(port.o)
                                      0x20748 (size before relaxing)
 .debug_str     0x0000000000024830      0x334 build/lib/modules/freertos.a(heap_4.o)
                                      0x20322 (size before relaxing)
 .debug_str     0x0000000000024b64      0x81d build/lib/modules/freertos.a(queue.o)
                                      0x21166 (size before relaxing)
 .debug_str     0x0000000000025381       0x4f build/lib/boards/edu-ciaa-nxp.a(board.o)
                                      0x1bac0 (size before relaxing)
 .debug_str     0x00000000000253d0      0x1e7 build/lib/boards/edu-ciaa-nxp.a(armv7m_startup.o)
                                       0x2f34 (size before relaxing)
 .debug_str     0x00000000000255b7      0x29e build/lib/boards/edu-ciaa-nxp.a(chip_18xx_43xx.o)
                                      0x17525 (size before relaxing)
 .debug_str     0x0000000000025855      0x653 build/lib/boards/edu-ciaa-nxp.a(clock_18xx_43xx.o)
                                      0x17ab2 (size before relaxing)
 .debug_str     0x0000000000025ea8       0x83 build/lib/boards/edu-ciaa-nxp.a(sysinit.o)
                                      0x1a8cd (size before relaxing)
 .debug_str     0x0000000000025f2b      0x806 build/lib/boards/edu-ciaa-nxp.a(board_lpcopen.o)
                                      0x1bb69 (size before relaxing)
 .debug_str     0x0000000000026731      0x11a build/lib/boards/edu-ciaa-nxp.a(board_sysinit.o)
                                      0x1b5d0 (size before relaxing)
 .debug_str     0x000000000002684b      0x231 build/lib/boards/edu-ciaa-nxp.a(adc_18xx_43xx.o)
                                      0x17052 (size before relaxing)
 .debug_str     0x0000000000026a7c       0x6f build/lib/boards/edu-ciaa-nxp.a(gpio_18xx_43xx.o)
                                      0x16845 (size before relaxing)
 .debug_str     0x0000000000026aeb      0x5dc build/lib/boards/edu-ciaa-nxp.a(i2c_18xx_43xx.o)
                                      0x177ed (size before relaxing)
 .debug_str     0x00000000000270c7      0x428 build/lib/boards/edu-ciaa-nxp.a(ssp_18xx_43xx.o)
                                      0x1724c (size before relaxing)
 .debug_str     0x00000000000274ef       0xee build/lib/boards/edu-ciaa-nxp.a(sysinit_18xx_43xx.o)
                                      0x174f7 (size before relaxing)
 .debug_str     0x00000000000275dd      0x369 build/lib/boards/edu-ciaa-nxp.a(uart_18xx_43xx.o)
                                      0x1766d (size before relaxing)

.comment        0x0000000000000000       0x49
 .comment       0x0000000000000000       0x49 build/obj/src/bsp.o
                                         0x4a (size before relaxing)
 .comment       0x0000000000000049       0x4a build/obj/src/digital.o
 .comment       0x0000000000000049       0x4a build/obj/src/main.o
 .comment       0x0000000000000049       0x4a build/lib/modules/freertos.a(event_groups.o)
 .comment       0x0000000000000049       0x4a build/lib/modules/freertos.a(list.o)
 .comment       0x0000000000000049       0x4a build/lib/modules/freertos.a(tasks.o)
 .comment       0x0000000000000049       0x4a build/lib/modules/freertos.a(timers.o)
 .comment       0x0000000000000049       0x4a build/lib/modules/freertos.a(port.o)
 .comment       0x0000000000000049       0x4a build/lib/modules/freertos.a(heap_4.o)
 .comment       0x0000000000000049       0x4a build/lib/modules/freertos.a(queue.o)
 .comment       0x0000000000000049       0x4a build/lib/boards/edu-ciaa-nxp.a(board.o)
 .comment       0x0000000000000049       0x4a build/lib/boards/edu-ciaa-nxp.a(armv7m_startup.o)
 .comment       0x0000000000000049       0x4a build/lib/boards/edu-ciaa-nxp.a(chip_18xx_43xx.o)
 .comment       0x0000000000000049       0x4a build/lib/boards/edu-ciaa-nxp.a(clock_18xx_43xx.o)
 .comment       0x0000000000000049       0x4a build/lib/boards/edu-ciaa-nxp.a(sysinit.o)
 .comment       0x0000000000000049       0x4a build/lib/boards/edu-ciaa-nxp.a(board_lpcopen.o)
 .comment       0x0000000000000049       0x4a build/lib/boards/edu-ciaa-nxp.a(board_sysinit.o)
 .comment       0x0000000000000049       0x4a build/lib/boards/edu-ciaa-nxp.a(adc_18xx_43xx.o)
 .comment       0x0000000000000049       0x4a build/lib/boards/edu-ciaa-nxp.a(gpio_18xx_43xx.o)
 .comment       0x0000000000000049       0x4a build/lib/boards/edu-ciaa-nxp.a(i2c_18xx_43xx.o)
 .comment       0x0000000000000049       0x4a build/lib/boards/edu-ciaa-nxp.a(ssp_18xx_43xx.o)
 .comment       0x0000000000000049       0x4a build/lib/boards/edu-ciaa-nxp.a(sysinit_18xx_43xx.o)
 .comment       0x0000000000000049       0x4a build/lib/boards/edu-ciaa-nxp.a(uart_18xx_43xx.o)

.ARM.attributes
                0x0000000000000000       0x30
 .ARM.attributes
                0x0000000000000000       0x32 build/obj/src/bsp.o
 .ARM.attributes
                0x0000000000000032       0x32 build/obj/src/digital.o
 .ARM.attributes
                0x0000000000000064       0x32 build/obj/src/main.o
 .ARM.attributes
                0x0000000000000096       0x32 build/lib/modules/freertos.a(event_groups.o)
 .ARM.attributes
                0x00000000000000c8       0x32 build/lib/modules/freertos.a(list.o)
 .ARM.attributes
                0x00000000000000fa       0x32 build/lib/modules/freertos.a(tasks.o)
 .ARM.attributes
                0x000000000000012c       0x32 build/lib/modules/freertos.a(timers.o)
 .ARM.attributes
                0x000000000000015e       0x32 build/lib/modules/freertos.a(port.o)
 .ARM.attributes
                0x0000000000000190       0x32 build/lib/modules/freertos.a(heap_4.o)
 .ARM.attributes
                0x00000000000001c2       0x32 build/lib/modules/freertos.a(queue.o)
 .ARM.attributes
                0x00000000000001f4       0x32 build/lib/boards/edu-ciaa-nxp.a(board.o)
 .ARM.attributes
                0x0000000000000226       0x32 build/lib/boards/edu-ciaa-nxp.a(armv7m_startup.o)
 .ARM.attributes
                0x0000000000000258       0x32 build/lib/boards/edu-ciaa-nxp.a(chip_18xx_43xx.o)
 .ARM.attributes
                0x000000000000028a       0x32 build/lib/boards/edu-ciaa-nxp.a(clock_18xx_43xx.o)
 .ARM.attributes
                0x00000000000002bc       0x32 build/lib/boards/edu-ciaa-nxp.a(sysinit.o)
 .ARM.attributes
                0x00000000000002ee       0x32 build/lib/boards/edu-ciaa-nxp.a(board_lpcopen.o)
 .ARM.attributes
                0x0000000000000320       0x32 build/lib/boards/edu-ciaa-nxp.a(board_sysinit.o)
 .ARM.attributes
                0x0000000000000352       0x32 build/lib/boards/edu-ciaa-nxp.a(adc_18xx_43xx.o)
 .ARM.attributes
                0x0000000000000384       0x32 build/lib/boards/edu-ciaa-nxp.a(gpio_18xx_43xx.o)
 .ARM.attributes
                0x00000000000003b6       0x32 build/lib/boards/edu-ciaa-nxp.a(i2c_18xx_43xx.o)
 .ARM.attributes
                0x00000000000003e8       0x32 build/lib/boards/edu-ciaa-nxp.a(ssp_18xx_43xx.o)
 .ARM.attributes
                0x000000000000041a       0x32 build/lib/boards/edu-ciaa-nxp.a(sysinit_18xx_43xx.o)
 .ARM.attributes
                0x000000000000044c       0x32 build/lib/boards/edu-ciaa-nxp.a(uart_18xx_43xx.o)
 .ARM.attributes
                0x000000000000047e       0x1e /home/pablo/eiti/2022/embebidos/gcc/gcc-arm/bin/../lib/gcc/arm-none-eabi/10.3.1/thumb/v7e-m+fp/softfp/libgcc.a(_aeabi_uldivmod.o)
 .ARM.attributes
                0x000000000000049c       0x32 /home/pablo/eiti/2022/embebidos/gcc/gcc-arm/bin/../lib/gcc/arm-none-eabi/10.3.1/thumb/v7e-m+fp/softfp/libgcc.a(_udivmoddi4.o)
 .ARM.attributes
                0x00000000000004ce       0x1e /home/pablo/eiti/2022/embebidos/gcc/gcc-arm/bin/../lib/gcc/arm-none-eabi/10.3.1/thumb/v7e-m+fp/softfp/libgcc.a(_dvmd_tls.o)
 .ARM.attributes
                0x00000000000004ec       0x32 /home/pablo/eiti/2022/embebidos/gcc/gcc-arm/bin/../lib/gcc/arm-none-eabi/10.3.1/../../../../arm-none-eabi/lib/thumb/v7e-m+fp/softfp/libc_nano.a(lib_a-init.o)
 .ARM.attributes
                0x000000000000051e       0x32 /home/pablo/eiti/2022/embebidos/gcc/gcc-arm/bin/../lib/gcc/arm-none-eabi/10.3.1/../../../../arm-none-eabi/lib/thumb/v7e-m+fp/softfp/libc_nano.a(lib_a-memcpy-stub.o)
 .ARM.attributes
                0x0000000000000550       0x32 /home/pablo/eiti/2022/embebidos/gcc/gcc-arm/bin/../lib/gcc/arm-none-eabi/10.3.1/../../../../arm-none-eabi/lib/thumb/v7e-m+fp/softfp/libc_nano.a(lib_a-memset.o)

.debug_frame    0x0000000000000000     0x3d1c
 .debug_frame   0x0000000000000000      0x160 build/obj/src/bsp.o
 .debug_frame   0x0000000000000160      0x294 build/obj/src/digital.o
 .debug_frame   0x00000000000003f4       0xd0 build/obj/src/main.o
 .debug_frame   0x00000000000004c4      0x218 build/lib/modules/freertos.a(event_groups.o)
 .debug_frame   0x00000000000006dc       0xd8 build/lib/modules/freertos.a(list.o)
 .debug_frame   0x00000000000007b4      0x8e0 build/lib/modules/freertos.a(tasks.o)
 .debug_frame   0x0000000000001094      0x3d4 build/lib/modules/freertos.a(timers.o)
 .debug_frame   0x0000000000001468      0x1a8 build/lib/modules/freertos.a(port.o)
 .debug_frame   0x0000000000001610      0x12c build/lib/modules/freertos.a(heap_4.o)
 .debug_frame   0x000000000000173c      0x580 build/lib/modules/freertos.a(queue.o)
 .debug_frame   0x0000000000001cbc       0x58 build/lib/boards/edu-ciaa-nxp.a(board.o)
 .debug_frame   0x0000000000001d14      0x1b8 build/lib/boards/edu-ciaa-nxp.a(armv7m_startup.o)
 .debug_frame   0x0000000000001ecc       0xa0 build/lib/boards/edu-ciaa-nxp.a(chip_18xx_43xx.o)
 .debug_frame   0x0000000000001f6c      0x568 build/lib/boards/edu-ciaa-nxp.a(clock_18xx_43xx.o)
 .debug_frame   0x00000000000024d4       0x54 build/lib/boards/edu-ciaa-nxp.a(sysinit.o)
 .debug_frame   0x0000000000002528      0x4f4 build/lib/boards/edu-ciaa-nxp.a(board_lpcopen.o)
 .debug_frame   0x0000000000002a1c       0xe0 build/lib/boards/edu-ciaa-nxp.a(board_sysinit.o)
 .debug_frame   0x0000000000002afc      0x264 build/lib/boards/edu-ciaa-nxp.a(adc_18xx_43xx.o)
 .debug_frame   0x0000000000002d60       0x60 build/lib/boards/edu-ciaa-nxp.a(gpio_18xx_43xx.o)
 .debug_frame   0x0000000000002dc0      0x4c8 build/lib/boards/edu-ciaa-nxp.a(i2c_18xx_43xx.o)
 .debug_frame   0x0000000000003288      0x3e8 build/lib/boards/edu-ciaa-nxp.a(ssp_18xx_43xx.o)
 .debug_frame   0x0000000000003670       0xf4 build/lib/boards/edu-ciaa-nxp.a(sysinit_18xx_43xx.o)
 .debug_frame   0x0000000000003764      0x4e4 build/lib/boards/edu-ciaa-nxp.a(uart_18xx_43xx.o)
 .debug_frame   0x0000000000003c48       0x2c /home/pablo/eiti/2022/embebidos/gcc/gcc-arm/bin/../lib/gcc/arm-none-eabi/10.3.1/thumb/v7e-m+fp/softfp/libgcc.a(_aeabi_uldivmod.o)
 .debug_frame   0x0000000000003c74       0x34 /home/pablo/eiti/2022/embebidos/gcc/gcc-arm/bin/../lib/gcc/arm-none-eabi/10.3.1/thumb/v7e-m+fp/softfp/libgcc.a(_udivmoddi4.o)
 .debug_frame   0x0000000000003ca8       0x2c /home/pablo/eiti/2022/embebidos/gcc/gcc-arm/bin/../lib/gcc/arm-none-eabi/10.3.1/../../../../arm-none-eabi/lib/thumb/v7e-m+fp/softfp/libc_nano.a(lib_a-init.o)
 .debug_frame   0x0000000000003cd4       0x28 /home/pablo/eiti/2022/embebidos/gcc/gcc-arm/bin/../lib/gcc/arm-none-eabi/10.3.1/../../../../arm-none-eabi/lib/thumb/v7e-m+fp/softfp/libc_nano.a(lib_a-memcpy-stub.o)
 .debug_frame   0x0000000000003cfc       0x20 /home/pablo/eiti/2022/embebidos/gcc/gcc-arm/bin/../lib/gcc/arm-none-eabi/10.3.1/../../../../arm-none-eabi/lib/thumb/v7e-m+fp/softfp/libc_nano.a(lib_a-memset.o)

Cross Reference Table

Symbol                                            File
Amarilla                                          build/obj/src/main.o
Azul                                              build/obj/src/main.o
BoardCreate                                       build/obj/src/bsp.o
                                                  build/obj/src/main.o
BoardInit                                         build/lib/boards/edu-ciaa-nxp.a(board.o)
Board_ADC_ReadBegin                               build/lib/boards/edu-ciaa-nxp.a(board_lpcopen.o)
Board_ADC_ReadEnd                                 build/lib/boards/edu-ciaa-nxp.a(board_lpcopen.o)
Board_ADC_ReadWait                                build/lib/boards/edu-ciaa-nxp.a(board_lpcopen.o)
Board_Debug_Init                                  build/lib/boards/edu-ciaa-nxp.a(board_lpcopen.o)
Board_Init                                        build/lib/boards/edu-ciaa-nxp.a(board_lpcopen.o)
                                                  build/lib/boards/edu-ciaa-nxp.a(sysinit.o)
Board_LED_Set                                     build/lib/boards/edu-ciaa-nxp.a(board_lpcopen.o)
Board_LED_Test                                    build/lib/boards/edu-ciaa-nxp.a(board_lpcopen.o)
Board_LED_Toggle                                  build/lib/boards/edu-ciaa-nxp.a(board_lpcopen.o)
Board_SetupClocking                               build/lib/boards/edu-ciaa-nxp.a(board_sysinit.o)
Board_SetupMuxing                                 build/lib/boards/edu-ciaa-nxp.a(board_sysinit.o)
Board_SystemInit                                  build/lib/boards/edu-ciaa-nxp.a(board_sysinit.o)
                                                  build/lib/boards/edu-ciaa-nxp.a(sysinit.o)
Board_TEC_GetStatus                               build/lib/boards/edu-ciaa-nxp.a(board_lpcopen.o)
Board_UARTGetChar                                 build/lib/boards/edu-ciaa-nxp.a(board_lpcopen.o)
Board_UARTPutChar                                 build/lib/boards/edu-ciaa-nxp.a(board_lpcopen.o)
Board_UARTPutSTR                                  build/lib/boards/edu-ciaa-nxp.a(board_lpcopen.o)
BusFault_Handler                                  build/lib/boards/edu-ciaa-nxp.a(armv7m_startup.o)
Chip_ADC_DeInit                                   build/lib/boards/edu-ciaa-nxp.a(adc_18xx_43xx.o)
Chip_ADC_EnableChannel                            build/lib/boards/edu-ciaa-nxp.a(adc_18xx_43xx.o)
                                                  build/lib/boards/edu-ciaa-nxp.a(board_lpcopen.o)
Chip_ADC_Init                                     build/lib/boards/edu-ciaa-nxp.a(adc_18xx_43xx.o)
                                                  build/lib/boards/edu-ciaa-nxp.a(board_lpcopen.o)
Chip_ADC_Int_SetChannelCmd                        build/lib/boards/edu-ciaa-nxp.a(adc_18xx_43xx.o)
Chip_ADC_ReadByte                                 build/lib/boards/edu-ciaa-nxp.a(adc_18xx_43xx.o)
Chip_ADC_ReadStatus                               build/lib/boards/edu-ciaa-nxp.a(adc_18xx_43xx.o)
                                                  build/lib/boards/edu-ciaa-nxp.a(board_lpcopen.o)
Chip_ADC_ReadValue                                build/lib/boards/edu-ciaa-nxp.a(adc_18xx_43xx.o)
                                                  build/lib/boards/edu-ciaa-nxp.a(board_lpcopen.o)
Chip_ADC_SetBurstCmd                              build/lib/boards/edu-ciaa-nxp.a(adc_18xx_43xx.o)
                                                  build/lib/boards/edu-ciaa-nxp.a(board_lpcopen.o)
Chip_ADC_SetResolution                            build/lib/boards/edu-ciaa-nxp.a(adc_18xx_43xx.o)
                                                  build/lib/boards/edu-ciaa-nxp.a(board_lpcopen.o)
Chip_ADC_SetSampleRate                            build/lib/boards/edu-ciaa-nxp.a(adc_18xx_43xx.o)
                                                  build/lib/boards/edu-ciaa-nxp.a(board_lpcopen.o)
Chip_ADC_SetStartMode                             build/lib/boards/edu-ciaa-nxp.a(adc_18xx_43xx.o)
                                                  build/lib/boards/edu-ciaa-nxp.a(board_lpcopen.o)
Chip_Clock_CalcMainPLLValue                       build/lib/boards/edu-ciaa-nxp.a(clock_18xx_43xx.o)
                                                  build/lib/boards/edu-ciaa-nxp.a(sysinit_18xx_43xx.o)
Chip_Clock_ClearPowerDown                         build/lib/boards/edu-ciaa-nxp.a(clock_18xx_43xx.o)
Chip_Clock_Disable                                build/lib/boards/edu-ciaa-nxp.a(clock_18xx_43xx.o)
                                                  build/lib/boards/edu-ciaa-nxp.a(uart_18xx_43xx.o)
                                                  build/lib/boards/edu-ciaa-nxp.a(ssp_18xx_43xx.o)
                                                  build/lib/boards/edu-ciaa-nxp.a(i2c_18xx_43xx.o)
                                                  build/lib/boards/edu-ciaa-nxp.a(adc_18xx_43xx.o)
Chip_Clock_DisableBaseClock                       build/lib/boards/edu-ciaa-nxp.a(clock_18xx_43xx.o)
Chip_Clock_DisableCrystal                         build/lib/boards/edu-ciaa-nxp.a(clock_18xx_43xx.o)
Chip_Clock_DisablePLL                             build/lib/boards/edu-ciaa-nxp.a(clock_18xx_43xx.o)
Chip_Clock_Enable                                 build/lib/boards/edu-ciaa-nxp.a(clock_18xx_43xx.o)
                                                  build/lib/boards/edu-ciaa-nxp.a(ssp_18xx_43xx.o)
                                                  build/lib/boards/edu-ciaa-nxp.a(i2c_18xx_43xx.o)
Chip_Clock_EnableBaseClock                        build/lib/boards/edu-ciaa-nxp.a(clock_18xx_43xx.o)
                                                  build/lib/boards/edu-ciaa-nxp.a(chip_18xx_43xx.o)
Chip_Clock_EnableCrystal                          build/lib/boards/edu-ciaa-nxp.a(clock_18xx_43xx.o)
                                                  build/lib/boards/edu-ciaa-nxp.a(sysinit_18xx_43xx.o)
Chip_Clock_EnableOpts                             build/lib/boards/edu-ciaa-nxp.a(clock_18xx_43xx.o)
                                                  build/lib/boards/edu-ciaa-nxp.a(uart_18xx_43xx.o)
                                                  build/lib/boards/edu-ciaa-nxp.a(adc_18xx_43xx.o)
                                                  build/lib/boards/edu-ciaa-nxp.a(chip_18xx_43xx.o)
Chip_Clock_EnablePLL                              build/lib/boards/edu-ciaa-nxp.a(clock_18xx_43xx.o)
                                                  build/lib/boards/edu-ciaa-nxp.a(chip_18xx_43xx.o)
Chip_Clock_GetBaseClock                           build/lib/boards/edu-ciaa-nxp.a(clock_18xx_43xx.o)
Chip_Clock_GetBaseClockOpts                       build/lib/boards/edu-ciaa-nxp.a(clock_18xx_43xx.o)
Chip_Clock_GetBaseClocktHz                        build/lib/boards/edu-ciaa-nxp.a(clock_18xx_43xx.o)
Chip_Clock_GetClockInputHz                        build/lib/boards/edu-ciaa-nxp.a(clock_18xx_43xx.o)
                                                  build/lib/boards/edu-ciaa-nxp.a(chip_18xx_43xx.o)
Chip_Clock_GetDividerDivisor                      build/lib/boards/edu-ciaa-nxp.a(clock_18xx_43xx.o)
Chip_Clock_GetDividerSource                       build/lib/boards/edu-ciaa-nxp.a(clock_18xx_43xx.o)
Chip_Clock_GetEMCRate                             build/lib/boards/edu-ciaa-nxp.a(clock_18xx_43xx.o)
Chip_Clock_GetMainPLLHz                           build/lib/boards/edu-ciaa-nxp.a(clock_18xx_43xx.o)
Chip_Clock_GetPLLStatus                           build/lib/boards/edu-ciaa-nxp.a(clock_18xx_43xx.o)
                                                  build/lib/boards/edu-ciaa-nxp.a(chip_18xx_43xx.o)
Chip_Clock_GetRate                                build/lib/boards/edu-ciaa-nxp.a(clock_18xx_43xx.o)
                                                  build/lib/boards/edu-ciaa-nxp.a(uart_18xx_43xx.o)
                                                  build/lib/boards/edu-ciaa-nxp.a(ssp_18xx_43xx.o)
                                                  build/lib/boards/edu-ciaa-nxp.a(i2c_18xx_43xx.o)
                                                  build/lib/boards/edu-ciaa-nxp.a(adc_18xx_43xx.o)
                                                  build/lib/boards/edu-ciaa-nxp.a(chip_18xx_43xx.o)
Chip_Clock_IsBaseClockEnabled                     build/lib/boards/edu-ciaa-nxp.a(clock_18xx_43xx.o)
Chip_Clock_RTCEnable                              build/lib/boards/edu-ciaa-nxp.a(clock_18xx_43xx.o)
Chip_Clock_SetBaseClock                           build/lib/boards/edu-ciaa-nxp.a(clock_18xx_43xx.o)
                                                  build/lib/boards/edu-ciaa-nxp.a(sysinit_18xx_43xx.o)
                                                  build/lib/boards/edu-ciaa-nxp.a(board_sysinit.o)
                                                  build/lib/boards/edu-ciaa-nxp.a(chip_18xx_43xx.o)
Chip_Clock_SetDivider                             build/lib/boards/edu-ciaa-nxp.a(clock_18xx_43xx.o)
                                                  build/lib/boards/edu-ciaa-nxp.a(chip_18xx_43xx.o)
Chip_Clock_SetupMainPLLHz                         build/lib/boards/edu-ciaa-nxp.a(clock_18xx_43xx.o)
Chip_Clock_SetupMainPLLMult                       build/lib/boards/edu-ciaa-nxp.a(clock_18xx_43xx.o)
Chip_Clock_SetupPLL                               build/lib/boards/edu-ciaa-nxp.a(clock_18xx_43xx.o)
                                                  build/lib/boards/edu-ciaa-nxp.a(chip_18xx_43xx.o)
Chip_Clock_StartPowerDown                         build/lib/boards/edu-ciaa-nxp.a(clock_18xx_43xx.o)
Chip_GPIO_DeInit                                  build/lib/boards/edu-ciaa-nxp.a(gpio_18xx_43xx.o)
Chip_GPIO_Init                                    build/lib/boards/edu-ciaa-nxp.a(gpio_18xx_43xx.o)
                                                  build/lib/boards/edu-ciaa-nxp.a(board_lpcopen.o)
Chip_I2C_DeInit                                   build/lib/boards/edu-ciaa-nxp.a(i2c_18xx_43xx.o)
Chip_I2C_Disable                                  build/lib/boards/edu-ciaa-nxp.a(i2c_18xx_43xx.o)
Chip_I2C_EventHandler                             build/lib/boards/edu-ciaa-nxp.a(i2c_18xx_43xx.o)
Chip_I2C_EventHandlerPolling                      build/lib/boards/edu-ciaa-nxp.a(i2c_18xx_43xx.o)
Chip_I2C_GetClockRate                             build/lib/boards/edu-ciaa-nxp.a(i2c_18xx_43xx.o)
Chip_I2C_GetMasterEventHandler                    build/lib/boards/edu-ciaa-nxp.a(i2c_18xx_43xx.o)
Chip_I2C_Init                                     build/lib/boards/edu-ciaa-nxp.a(i2c_18xx_43xx.o)
                                                  build/lib/boards/edu-ciaa-nxp.a(board_lpcopen.o)
Chip_I2C_IsMasterActive                           build/lib/boards/edu-ciaa-nxp.a(i2c_18xx_43xx.o)
Chip_I2C_IsStateChanged                           build/lib/boards/edu-ciaa-nxp.a(i2c_18xx_43xx.o)
Chip_I2C_MasterCmdRead                            build/lib/boards/edu-ciaa-nxp.a(i2c_18xx_43xx.o)
Chip_I2C_MasterRead                               build/lib/boards/edu-ciaa-nxp.a(i2c_18xx_43xx.o)
Chip_I2C_MasterSend                               build/lib/boards/edu-ciaa-nxp.a(i2c_18xx_43xx.o)
Chip_I2C_MasterStateHandler                       build/lib/boards/edu-ciaa-nxp.a(i2c_18xx_43xx.o)
Chip_I2C_MasterTransfer                           build/lib/boards/edu-ciaa-nxp.a(i2c_18xx_43xx.o)
Chip_I2C_SetClockRate                             build/lib/boards/edu-ciaa-nxp.a(i2c_18xx_43xx.o)
                                                  build/lib/boards/edu-ciaa-nxp.a(board_lpcopen.o)
Chip_I2C_SetMasterEventHandler                    build/lib/boards/edu-ciaa-nxp.a(i2c_18xx_43xx.o)
Chip_I2C_SlaveSetup                               build/lib/boards/edu-ciaa-nxp.a(i2c_18xx_43xx.o)